Archive member included to satisfy reference by file (symbol)

c:/PROGRA~1/MICROC~1/xc32/v5.00/bin/bin/../../lib/gcc/pic32c/13.2.1/../../../../pic32c/lib/thumb/v6-m/nofp\libpic32c.a(data_init.o)
                              C:\Users\c17665\AppData\Local\Temp\ccGbahhM.o (__pic32c_data_initialization)
c:/PROGRA~1/MICROC~1/xc32/v5.00/bin/bin/../../lib/gcc/pic32c/13.2.1/../../../../pic32c/lib/thumb/v6-m/nofp\libg-musl.a(__libc_start_main.o)
                              C:\Users\c17665\AppData\Local\Temp\ccGbahhM.o (__libc_init_array)
c:/PROGRA~1/MICROC~1/xc32/v5.00/bin/bin/../../lib/gcc/pic32c/13.2.1/../../../../pic32c/lib/thumb/v6-m/nofp\libg-musl.a(libc.o)
                              c:/PROGRA~1/MICROC~1/xc32/v5.00/bin/bin/../../lib/gcc/pic32c/13.2.1/../../../../pic32c/lib/thumb/v6-m/nofp\libg-musl.a(__libc_start_main.o) (__progname_full)
c:/PROGRA~1/MICROC~1/xc32/v5.00/bin/bin/../../lib/gcc/pic32c/13.2.1/../../../../pic32c/lib/thumb/v6-m/nofp\libg-musl.a(__environ.o)
                              c:/PROGRA~1/MICROC~1/xc32/v5.00/bin/bin/../../lib/gcc/pic32c/13.2.1/../../../../pic32c/lib/thumb/v6-m/nofp\libg-musl.a(__libc_start_main.o) (__environ)
c:/PROGRA~1/MICROC~1/xc32/v5.00/bin/bin/../../lib/gcc/pic32c/13.2.1/../../../../pic32c/lib/thumb/v6-m/nofp\libpic32c.a(pic32_data_init_clear.o)
                              (__dinit_clear_needed)
c:/PROGRA~1/MICROC~1/xc32/v5.00/bin/bin/../../lib/gcc/pic32c/13.2.1/../../../../pic32c/lib/thumb/v6-m/nofp\libpic32c.a(pic32_data_init_copy.o)
                              (__dinit_copy_needed)

Microchip PIC32 Memory-Usage Report

ROM Program-Memory Usage
section                    address  length [bytes]      (dec)  Description
-------                 ----------  -------------------------  -----------
.vectors                         0           0xac         172   
.text                         0xac           0x20          32  App's exec code 
.text                         0xcc          0x108         264  App's exec code 
.text                        0x1d4           0x5c          92  App's exec code 
.text.__libc_start_init      0x230           0x5c          92   
.text.Reset_Handler          0x28c           0x54          84   
.dinit                       0x2e0           0x50          80   
.text                        0x330           0x4c          76  App's exec code 
.text                        0x37c           0x48          72  App's exec code 
.text.__pic32c_data_ini      0x3c4           0x38          56   
.text                        0x3fc           0x2c          44  App's exec code 
.rodata                      0x428           0x24          36  Read-only const 
.rodata                      0x44c           0x24          36  Read-only const 
.text.__dinit_copy           0x470           0x1e          30   
.text.Dummy_Handler          0x48e            0x2           2   
.rodata                      0x490           0x14          20  Read-only const 
.text.__dinit_clear          0x4a4           0x12          18   
.text.__dummy_decompres      0x4b6            0x4           4   
.text.__dummy_init_tls       0x4ba            0x2           2   
.rodata                      0x4bc            0x2           2  Read-only const 
.text.__dummy                0x4be            0x2           2   
      Total ROM used  :       0x4c0        1216  0.9% of 0x20000
        --------------------------------------------------------------------------
         Total Program Memory used  :       0x4c0        1216  0.9% of 0x20000
        --------------------------------------------------------------------------


RAM Data-Memory Usage
section                    address  length [bytes]      (dec)  Description
-------                 ----------  -------------------------  -----------
.bss                    0x20000000           0x50          80  Uninitialized data 
.bss                    0x20000050           0x1c          28  Uninitialized data 
.bss                    0x2000006c            0x4           4  Uninitialized data 
.bss                    0x20000070            0x4           4  Uninitialized data 
.data                   0x20000074            0x4           4  Initialized data 
.eh_frame               0x20000078            0x4           4   
         Total RAM used  :        0x7c         124  0.8% of 0x4000
        --------------------------------------------------------------------------
            Total Data Memory used  :        0x7c         124  0.8% of 0x4000
        --------------------------------------------------------------------------


Dynamic Data-Memory Reservation
section                    address  length [bytes]      (dec)  Description
-------                 ----------  -------------------------  -----------
heap                    0x20000080           0x10          16  Reserved for heap 
stack                   0x200000a8         0x3f48       16200  Reserved for stack 

        --------------------------------------------------------------------------

Microchip PIC32 Memory-Usage Report By Module

        text        data         bss         dec         hex    basename                   filename
--------------------------------------------------------------------------------
         272           0           0         272         110    configuration.c.o      CMakeFiles/GardenBot_default_default_XC32_compile.dir/C_/Users/c17665/MPLABProjects/GardenBot/configuration.c.o
         258           0           0         258         102    ccGbahhM.o             C:\Users\c17665\AppData\Local\Temp\ccGbahhM.o
         108          12          28         148          94    crtbegin.o             c:/PROGRA~1/MICROC~1/xc32/v5.00/bin/bin/../../lib/gcc/pic32c/13.2.1/thumb/v6-m/nofp/crtbegin.o
          94           0           0          94          5e    __libc_start_main.o    libg-musl.a
          92           0           0          92          5c    utilities.c.o          CMakeFiles/GardenBot_default_default_XC32_compile.dir/C_/Users/c17665/MPLABProjects/GardenBot/utilities.c.o
          82           0           4          86          56    data_init.o            libpic32c.a
          80           0           0          80          50    data_init              data_init
           0           0          80          80          50    libc.o                 libg-musl.a
          76           0           0          76          4c    usart.c.o              CMakeFiles/GardenBot_default_default_XC32_compile.dir/C_/Users/c17665/MPLABProjects/GardenBot/usart.c.o
          46           0           0          46          2e    main.c.o               CMakeFiles/GardenBot_default_default_XC32_compile.dir/C_/Users/c17665/MPLABProjects/GardenBot/main.c.o
          36           4           0          40          28    crtend.o               c:/PROGRA~1/MICROC~1/xc32/v5.00/bin/bin/../../lib/gcc/pic32c/13.2.1/thumb/v6-m/nofp/crtend.o
          30           0           0          30          1e    pic32_data_init_copy.o libpic32c.a
          18           0           0          18          12    pic32_data_init_clear.olibpic32c.a
          16           0           0          16          10    crtn.o                 c:/PROGRA~1/MICROC~1/xc32/v5.00/bin/bin/../../lib/gcc/pic32c/13.2.1/thumb/v6-m/nofp/crtn.o
           8           0           0           8           8    crti.o                 c:/PROGRA~1/MICROC~1/xc32/v5.00/bin/bin/../../lib/gcc/pic32c/13.2.1/thumb/v6-m/nofp/crti.o
           0           0           4           4           4    __environ.o            libg-musl.a
--------------------------------------------------------------------------------
        1216          16         116        1348         544    C:\Users\c17665\MPLABProjects\GardenBot\out\GardenBot\default.elf


Discarded input sections

 .xc_stack_usage.hdr
                0x00000000        0xe c:/PROGRA~1/MICROC~1/xc32/v5.00/bin/bin/../../lib/gcc/pic32c/13.2.1/thumb/v6-m/nofp/crti.o
 .xc_stack_usage
                0x00000000       0x26 c:/PROGRA~1/MICROC~1/xc32/v5.00/bin/bin/../../lib/gcc/pic32c/13.2.1/thumb/v6-m/nofp/crti.o
 .xc_stack_usage
                0x00000000       0x3c c:/PROGRA~1/MICROC~1/xc32/v5.00/bin/bin/../../lib/gcc/pic32c/13.2.1/thumb/v6-m/nofp/crtbegin.o
 .xc_stack_usage.hdr
                0x00000000        0xe c:/PROGRA~1/MICROC~1/xc32/v5.00/bin/bin/../../lib/gcc/pic32c/13.2.1/thumb/v6-m/nofp/crtbegin.o
 .xc_stack_usage
                0x00000000       0x68 c:/PROGRA~1/MICROC~1/xc32/v5.00/bin/bin/../../lib/gcc/pic32c/13.2.1/../../../../pic32c/lib/thumb/v6-m/nofp\libpic32c.a(data_init.o)
 .xc_stack_usage.hdr
                0x00000000        0xe c:/PROGRA~1/MICROC~1/xc32/v5.00/bin/bin/../../lib/gcc/pic32c/13.2.1/../../../../pic32c/lib/thumb/v6-m/nofp\libpic32c.a(data_init.o)
 .xc_stack_usage
                0x00000000       0x34 c:/PROGRA~1/MICROC~1/xc32/v5.00/bin/bin/../../lib/gcc/pic32c/13.2.1/../../../../pic32c/lib/thumb/v6-m/nofp\libg-musl.a(__libc_start_main.o)
 .xc_stack_usage.hdr
                0x00000000        0xe c:/PROGRA~1/MICROC~1/xc32/v5.00/bin/bin/../../lib/gcc/pic32c/13.2.1/../../../../pic32c/lib/thumb/v6-m/nofp\libg-musl.a(__libc_start_main.o)
 .xc_stack_usage.hdr
                0x00000000        0xe c:/PROGRA~1/MICROC~1/xc32/v5.00/bin/bin/../../lib/gcc/pic32c/13.2.1/../../../../pic32c/lib/thumb/v6-m/nofp\libg-musl.a(libc.o)
 .xc_stack_usage.hdr
                0x00000000        0xe c:/PROGRA~1/MICROC~1/xc32/v5.00/bin/bin/../../lib/gcc/pic32c/13.2.1/../../../../pic32c/lib/thumb/v6-m/nofp\libg-musl.a(__environ.o)
 .xc_stack_usage.hdr
                0x00000000        0xe c:/PROGRA~1/MICROC~1/xc32/v5.00/bin/bin/../../lib/gcc/pic32c/13.2.1/thumb/v6-m/nofp/crtend.o
 .xc_stack_usage.hdr
                0x00000000        0xe c:/PROGRA~1/MICROC~1/xc32/v5.00/bin/bin/../../lib/gcc/pic32c/13.2.1/thumb/v6-m/nofp/crtn.o
 .xc_stack_usage
                0x00000000       0x1b c:/PROGRA~1/MICROC~1/xc32/v5.00/bin/bin/../../lib/gcc/pic32c/13.2.1/../../../../pic32c/lib/thumb/v6-m/nofp\libpic32c.a(pic32_data_init_clear.o)
 .xc_stack_usage.hdr
                0x00000000        0xe c:/PROGRA~1/MICROC~1/xc32/v5.00/bin/bin/../../lib/gcc/pic32c/13.2.1/../../../../pic32c/lib/thumb/v6-m/nofp\libpic32c.a(pic32_data_init_clear.o)
 .xc_stack_usage
                0x00000000       0x1a c:/PROGRA~1/MICROC~1/xc32/v5.00/bin/bin/../../lib/gcc/pic32c/13.2.1/../../../../pic32c/lib/thumb/v6-m/nofp\libpic32c.a(pic32_data_init_copy.o)
 .xc_stack_usage.hdr
                0x00000000        0xe c:/PROGRA~1/MICROC~1/xc32/v5.00/bin/bin/../../lib/gcc/pic32c/13.2.1/../../../../pic32c/lib/thumb/v6-m/nofp\libpic32c.a(pic32_data_init_copy.o)

Memory Configuration

Name             Origin             Length             Attributes
rom              0x00000000         0x00020000         xrl
ram              0x20000000         0x00004000         xw!r
config_D0804000  0xd0804000         0x00000004
config_D0806020  0xd0806020         0x00000004
config_D0804004  0xd0804004         0x00000004
config_D0806034  0xd0806034         0x00000004
config_D0806030  0xd0806030         0x00000004
*default*        0x00000000         0xffffffff

Linker script and memory map

LOAD c:/PROGRA~1/MICROC~1/xc32/v5.00/bin/bin/../../lib/gcc/pic32c/13.2.1/thumb/v6-m/nofp/crti.o
LOAD c:/PROGRA~1/MICROC~1/xc32/v5.00/bin/bin/../../lib/gcc/pic32c/13.2.1/thumb/v6-m/nofp/crtbegin.o
                0x00000001                        __MPLAB_BUILD = 0x1
LOAD CMakeFiles/GardenBot_default_default_XC32_compile.dir/C_/Users/c17665/MPLABProjects/GardenBot/configuration.c.o
LOAD CMakeFiles/GardenBot_default_default_XC32_compile.dir/C_/Users/c17665/MPLABProjects/GardenBot/main.c.o
LOAD CMakeFiles/GardenBot_default_default_XC32_compile.dir/C_/Users/c17665/MPLABProjects/GardenBot/usart.c.o
LOAD CMakeFiles/GardenBot_default_default_XC32_compile.dir/C_/Users/c17665/MPLABProjects/GardenBot/utilities.c.o
LOAD C:\Users\c17665\AppData\Local\Temp\ccGbahhM.o
START GROUP
LOAD c:/PROGRA~1/MICROC~1/xc32/v5.00/bin/bin/../../lib/gcc/pic32c/13.2.1/../../../../pic32c/lib/thumb/v6-m/nofp\libpic32c.a
LOAD c:/PROGRA~1/MICROC~1/xc32/v5.00/bin/bin/../../lib/gcc/pic32c/13.2.1/../../../../pic32c/lib/thumb/v6-m/nofp\libc-size-musl.a
LOAD c:/PROGRA~1/MICROC~1/xc32/v5.00/bin/bin/../../lib/gcc/pic32c/13.2.1/../../../../pic32c/lib/thumb/v6-m/nofp\liblmalloc-musl.a
LOAD c:/PROGRA~1/MICROC~1/xc32/v5.00/bin/bin/../../lib/gcc/pic32c/13.2.1/../../../../pic32c/lib/thumb/v6-m/nofp\libg-musl.a
LOAD c:/PROGRA~1/MICROC~1/xc32/v5.00/bin/bin/../../lib/gcc/pic32c/13.2.1/../../../../pic32c/lib/thumb/v6-m/nofp\libc-musl.a
LOAD c:/PROGRA~1/MICROC~1/xc32/v5.00/bin/bin/../../lib/gcc/pic32c/13.2.1/../../../../pic32c/lib/thumb/v6-m/nofp\libm-fast-emfloat.a
LOAD c:/PROGRA~1/MICROC~1/xc32/v5.00/bin/bin/../../lib/gcc/pic32c/13.2.1/../../../../pic32c/lib/thumb/v6-m/nofp\libm-musl.a
END GROUP
LOAD c:/PROGRA~1/MICROC~1/xc32/v5.00/bin/bin/../../lib/gcc/pic32c/13.2.1/thumb/v6-m/nofp\libgcc.a
LOAD c:/PROGRA~1/MICROC~1/xc32/v5.00/bin/bin/../../lib/gcc/pic32c/13.2.1/thumb/v6-m/nofp/crtend.o
LOAD c:/PROGRA~1/MICROC~1/xc32/v5.00/bin/bin/../../lib/gcc/pic32c/13.2.1/thumb/v6-m/nofp/crtn.o
                0x00020000                        __rom_end = (ORIGIN (rom) + LENGTH (rom))
                0x20004000                        __ram_end = (ORIGIN (ram) + LENGTH (ram))

.config_D0804000
 *(.config_D0804000)

.config_D0806020
 *(.config_D0806020)

.config_D0804004
 *(.config_D0804004)

.config_D0806034
 *(.config_D0806034)

.config_D0806030
 *(.config_D0806030)

.vectors        0x00000000       0xac
                0x00000000                        . = ALIGN (0x4)
                0x00000000                        _sfixed = .
 *(.vectors .vectors.* .vectors_default .vectors_default.*)
 .vectors.default
                0x00000000       0xac C:\Users\c17665\AppData\Local\Temp\ccGbahhM.o
                0x00000000                exception_table
 *(.isr_vector)
 *(.reset*)
 *(.after_vectors)

.text           0x000000ac       0x20
                0x000000ac                        . = ALIGN (0x4)
 *(.glue_7t)
 .glue_7t       0x000000ac        0x0 linker stubs
 *(.glue_7)
 .glue_7        0x000000ac        0x0 linker stubs
 *(.gnu.linkonce.r.*)
 *(.ARM.extab* .gnu.linkonce.armextab.*)
                0x000000ac                        . = ALIGN (0x4)
 *(.init)
 .init          0x000000ac        0x4 c:/PROGRA~1/MICROC~1/xc32/v5.00/bin/bin/../../lib/gcc/pic32c/13.2.1/thumb/v6-m/nofp/crti.o
                0x000000ac                _init
 .init          0x000000b0        0x8 c:/PROGRA~1/MICROC~1/xc32/v5.00/bin/bin/../../lib/gcc/pic32c/13.2.1/thumb/v6-m/nofp/crtn.o
                0x000000b8                        . = ALIGN (0x4)
                0x000000b8                        __preinit_array_start = .
 *(.preinit_array)
                0x000000b8                        __preinit_array_end = .
                0x000000b8                        . = ALIGN (0x4)
                0x000000b8                        __init_array_start = .
 *(SORT_BY_NAME(.init_array.*))
 *(.init_array)
 .init_array    0x000000b8        0x4 c:/PROGRA~1/MICROC~1/xc32/v5.00/bin/bin/../../lib/gcc/pic32c/13.2.1/thumb/v6-m/nofp/crtbegin.o
                0x000000bc                        __init_array_end = .
                0x000000bc                        . = ALIGN (0x4)
 *crtbegin.o(.ctors)
 *(EXCLUDE_FILE(*crtend.o) .ctors)
 *(SORT_BY_NAME(.ctors.*))
 *crtend.o(.ctors)
                0x000000bc                        . = ALIGN (0x4)
 *(.fini)
 .fini          0x000000bc        0x4 c:/PROGRA~1/MICROC~1/xc32/v5.00/bin/bin/../../lib/gcc/pic32c/13.2.1/thumb/v6-m/nofp/crti.o
                0x000000bc                _fini
 .fini          0x000000c0        0x8 c:/PROGRA~1/MICROC~1/xc32/v5.00/bin/bin/../../lib/gcc/pic32c/13.2.1/thumb/v6-m/nofp/crtn.o
                0x000000c8                        . = ALIGN (0x4)
                0x000000c8                        __fini_array_start = .
 *(.fini_array)
 .fini_array    0x000000c8        0x4 c:/PROGRA~1/MICROC~1/xc32/v5.00/bin/bin/../../lib/gcc/pic32c/13.2.1/thumb/v6-m/nofp/crtbegin.o
 *(SORT_BY_NAME(.fini_array.*))
                0x000000cc                        __fini_array_end = .
 *crtbegin.o(.dtors)
 *(EXCLUDE_FILE(*crtend.o) .dtors)
 *(SORT_BY_NAME(.dtors.*))
 *crtend.o(.dtors)
                0x000000cc                        . = ALIGN (0x4)
                0x000000cc                        _efixed = .
                [!provide]                        PROVIDE (__exidx_start = .)

.ARM.exidx
 *(.ARM.exidx* .gnu.linkonce.armexidx.*)
                [!provide]                        PROVIDE (__exidx_end = .)
                0x000000cc                        . = ALIGN (0x4)
                0x000000cc                        _etext = .

.bss            0x20000000        0x0
                0x20000000                        . = ALIGN (0x4)
                0x20000000                        __bss_start__ = .
                0x20000000                        _sbss = .
                0x20000000                        _szero = .
 *(COMMON)
                0x20000000                        . = ALIGN (0x4)
                0x20000000                        __bss_end__ = .
                0x20000000                        _ebss = .
                0x20000000                        _ezero = .
                0x20000000                        . = ALIGN (0x4)
                0x20000000                        _end = .
                0x20003fff                        _ram_end_ = ((ORIGIN (ram) + LENGTH (ram)) - 0x1)
OUTPUT(C:\Users\c17665\MPLABProjects\GardenBot\out\GardenBot\default.elf elf32-littlearm)
LOAD linker stubs
LOAD data_init

.note           0x00000000      0x1c8
 .note          0x00000000       0x18 c:/PROGRA~1/MICROC~1/xc32/v5.00/bin/bin/../../lib/gcc/pic32c/13.2.1/thumb/v6-m/nofp/crti.o
 .note          0x00000018       0x18 c:/PROGRA~1/MICROC~1/xc32/v5.00/bin/bin/../../lib/gcc/pic32c/13.2.1/thumb/v6-m/nofp/crtbegin.o
 .note          0x00000030       0x78 CMakeFiles/GardenBot_default_default_XC32_compile.dir/C_/Users/c17665/MPLABProjects/GardenBot/configuration.c.o
 .note          0x000000a8       0x18 CMakeFiles/GardenBot_default_default_XC32_compile.dir/C_/Users/c17665/MPLABProjects/GardenBot/main.c.o
 .note          0x000000c0       0x18 CMakeFiles/GardenBot_default_default_XC32_compile.dir/C_/Users/c17665/MPLABProjects/GardenBot/usart.c.o
 .note          0x000000d8       0x18 CMakeFiles/GardenBot_default_default_XC32_compile.dir/C_/Users/c17665/MPLABProjects/GardenBot/utilities.c.o
 .note          0x000000f0       0x18 C:\Users\c17665\AppData\Local\Temp\ccGbahhM.o
 .note          0x00000108       0x18 c:/PROGRA~1/MICROC~1/xc32/v5.00/bin/bin/../../lib/gcc/pic32c/13.2.1/../../../../pic32c/lib/thumb/v6-m/nofp\libpic32c.a(data_init.o)
 .note          0x00000120       0x18 c:/PROGRA~1/MICROC~1/xc32/v5.00/bin/bin/../../lib/gcc/pic32c/13.2.1/../../../../pic32c/lib/thumb/v6-m/nofp\libg-musl.a(__libc_start_main.o)
 .note          0x00000138       0x18 c:/PROGRA~1/MICROC~1/xc32/v5.00/bin/bin/../../lib/gcc/pic32c/13.2.1/../../../../pic32c/lib/thumb/v6-m/nofp\libg-musl.a(libc.o)
 .note          0x00000150       0x18 c:/PROGRA~1/MICROC~1/xc32/v5.00/bin/bin/../../lib/gcc/pic32c/13.2.1/../../../../pic32c/lib/thumb/v6-m/nofp\libg-musl.a(__environ.o)
 .note          0x00000168       0x18 c:/PROGRA~1/MICROC~1/xc32/v5.00/bin/bin/../../lib/gcc/pic32c/13.2.1/thumb/v6-m/nofp/crtend.o
 .note          0x00000180       0x18 c:/PROGRA~1/MICROC~1/xc32/v5.00/bin/bin/../../lib/gcc/pic32c/13.2.1/thumb/v6-m/nofp/crtn.o
 .note          0x00000198       0x18 c:/PROGRA~1/MICROC~1/xc32/v5.00/bin/bin/../../lib/gcc/pic32c/13.2.1/../../../../pic32c/lib/thumb/v6-m/nofp\libpic32c.a(pic32_data_init_clear.o)
 .note          0x000001b0       0x18 c:/PROGRA~1/MICROC~1/xc32/v5.00/bin/bin/../../lib/gcc/pic32c/13.2.1/../../../../pic32c/lib/thumb/v6-m/nofp\libpic32c.a(pic32_data_init_copy.o)

.ARM.attributes
                0x00000000       0x2c
 .ARM.attributes
                0x00000000       0x1e c:/PROGRA~1/MICROC~1/xc32/v5.00/bin/bin/../../lib/gcc/pic32c/13.2.1/thumb/v6-m/nofp/crti.o
 .ARM.attributes
                0x0000001e       0x2c c:/PROGRA~1/MICROC~1/xc32/v5.00/bin/bin/../../lib/gcc/pic32c/13.2.1/thumb/v6-m/nofp/crtbegin.o
 .ARM.attributes
                0x0000004a       0x2c CMakeFiles/GardenBot_default_default_XC32_compile.dir/C_/Users/c17665/MPLABProjects/GardenBot/configuration.c.o
 .ARM.attributes
                0x00000076       0x2c CMakeFiles/GardenBot_default_default_XC32_compile.dir/C_/Users/c17665/MPLABProjects/GardenBot/main.c.o
 .ARM.attributes
                0x000000a2       0x2c CMakeFiles/GardenBot_default_default_XC32_compile.dir/C_/Users/c17665/MPLABProjects/GardenBot/usart.c.o
 .ARM.attributes
                0x000000ce       0x2c CMakeFiles/GardenBot_default_default_XC32_compile.dir/C_/Users/c17665/MPLABProjects/GardenBot/utilities.c.o
 .ARM.attributes
                0x000000fa       0x2c C:\Users\c17665\AppData\Local\Temp\ccGbahhM.o
 .ARM.attributes
                0x00000126       0x2c c:/PROGRA~1/MICROC~1/xc32/v5.00/bin/bin/../../lib/gcc/pic32c/13.2.1/../../../../pic32c/lib/thumb/v6-m/nofp\libpic32c.a(data_init.o)
 .ARM.attributes
                0x00000152       0x2e c:/PROGRA~1/MICROC~1/xc32/v5.00/bin/bin/../../lib/gcc/pic32c/13.2.1/../../../../pic32c/lib/thumb/v6-m/nofp\libg-musl.a(__libc_start_main.o)
 .ARM.attributes
                0x00000180       0x2e c:/PROGRA~1/MICROC~1/xc32/v5.00/bin/bin/../../lib/gcc/pic32c/13.2.1/../../../../pic32c/lib/thumb/v6-m/nofp\libg-musl.a(libc.o)
 .ARM.attributes
                0x000001ae       0x2e c:/PROGRA~1/MICROC~1/xc32/v5.00/bin/bin/../../lib/gcc/pic32c/13.2.1/../../../../pic32c/lib/thumb/v6-m/nofp\libg-musl.a(__environ.o)
 .ARM.attributes
                0x000001dc       0x2c c:/PROGRA~1/MICROC~1/xc32/v5.00/bin/bin/../../lib/gcc/pic32c/13.2.1/thumb/v6-m/nofp/crtend.o
 .ARM.attributes
                0x00000208       0x1e c:/PROGRA~1/MICROC~1/xc32/v5.00/bin/bin/../../lib/gcc/pic32c/13.2.1/thumb/v6-m/nofp/crtn.o
 .ARM.attributes
                0x00000226       0x2c c:/PROGRA~1/MICROC~1/xc32/v5.00/bin/bin/../../lib/gcc/pic32c/13.2.1/../../../../pic32c/lib/thumb/v6-m/nofp\libpic32c.a(pic32_data_init_clear.o)
 .ARM.attributes
                0x00000252       0x2c c:/PROGRA~1/MICROC~1/xc32/v5.00/bin/bin/../../lib/gcc/pic32c/13.2.1/../../../../pic32c/lib/thumb/v6-m/nofp\libpic32c.a(pic32_data_init_copy.o)

.comment        0x00000000       0x35
 .comment       0x00000000       0x35 c:/PROGRA~1/MICROC~1/xc32/v5.00/bin/bin/../../lib/gcc/pic32c/13.2.1/thumb/v6-m/nofp/crtbegin.o
                                 0x36 (size before relaxing)
 .comment       0x00000035       0x36 CMakeFiles/GardenBot_default_default_XC32_compile.dir/C_/Users/c17665/MPLABProjects/GardenBot/configuration.c.o
 .comment       0x00000035       0x36 CMakeFiles/GardenBot_default_default_XC32_compile.dir/C_/Users/c17665/MPLABProjects/GardenBot/main.c.o
 .comment       0x00000035       0x36 CMakeFiles/GardenBot_default_default_XC32_compile.dir/C_/Users/c17665/MPLABProjects/GardenBot/usart.c.o
 .comment       0x00000035       0x36 CMakeFiles/GardenBot_default_default_XC32_compile.dir/C_/Users/c17665/MPLABProjects/GardenBot/utilities.c.o
 .comment       0x00000035       0x36 C:\Users\c17665\AppData\Local\Temp\ccGbahhM.o
 .comment       0x00000035       0x36 c:/PROGRA~1/MICROC~1/xc32/v5.00/bin/bin/../../lib/gcc/pic32c/13.2.1/../../../../pic32c/lib/thumb/v6-m/nofp\libpic32c.a(data_init.o)
 .comment       0x00000035       0x36 c:/PROGRA~1/MICROC~1/xc32/v5.00/bin/bin/../../lib/gcc/pic32c/13.2.1/../../../../pic32c/lib/thumb/v6-m/nofp\libg-musl.a(__libc_start_main.o)
 .comment       0x00000035       0x36 c:/PROGRA~1/MICROC~1/xc32/v5.00/bin/bin/../../lib/gcc/pic32c/13.2.1/../../../../pic32c/lib/thumb/v6-m/nofp\libg-musl.a(libc.o)
 .comment       0x00000035       0x36 c:/PROGRA~1/MICROC~1/xc32/v5.00/bin/bin/../../lib/gcc/pic32c/13.2.1/../../../../pic32c/lib/thumb/v6-m/nofp\libg-musl.a(__environ.o)
 .comment       0x00000035       0x36 c:/PROGRA~1/MICROC~1/xc32/v5.00/bin/bin/../../lib/gcc/pic32c/13.2.1/thumb/v6-m/nofp/crtend.o
 .comment       0x00000035       0x36 c:/PROGRA~1/MICROC~1/xc32/v5.00/bin/bin/../../lib/gcc/pic32c/13.2.1/../../../../pic32c/lib/thumb/v6-m/nofp\libpic32c.a(pic32_data_init_clear.o)
 .comment       0x00000035       0x36 c:/PROGRA~1/MICROC~1/xc32/v5.00/bin/bin/../../lib/gcc/pic32c/13.2.1/../../../../pic32c/lib/thumb/v6-m/nofp\libpic32c.a(pic32_data_init_copy.o)

.debug_info     0x00000000     0x22f9
 .debug_info    0x00000000      0x6b1 CMakeFiles/GardenBot_default_default_XC32_compile.dir/C_/Users/c17665/MPLABProjects/GardenBot/configuration.c.o
 .debug_info    0x000006b1       0xf6 CMakeFiles/GardenBot_default_default_XC32_compile.dir/C_/Users/c17665/MPLABProjects/GardenBot/main.c.o
 .debug_info    0x000007a7      0x962 CMakeFiles/GardenBot_default_default_XC32_compile.dir/C_/Users/c17665/MPLABProjects/GardenBot/usart.c.o
 .debug_info    0x00001109      0x28d CMakeFiles/GardenBot_default_default_XC32_compile.dir/C_/Users/c17665/MPLABProjects/GardenBot/utilities.c.o
 .debug_info    0x00001396      0x506 C:\Users\c17665\AppData\Local\Temp\ccGbahhM.o
 .debug_info    0x0000189c      0x212 c:/PROGRA~1/MICROC~1/xc32/v5.00/bin/bin/../../lib/gcc/pic32c/13.2.1/../../../../pic32c/lib/thumb/v6-m/nofp\libpic32c.a(data_init.o)
 .debug_info    0x00001aae      0x2fb c:/PROGRA~1/MICROC~1/xc32/v5.00/bin/bin/../../lib/gcc/pic32c/13.2.1/../../../../pic32c/lib/thumb/v6-m/nofp\libg-musl.a(__libc_start_main.o)
 .debug_info    0x00001da9      0x276 c:/PROGRA~1/MICROC~1/xc32/v5.00/bin/bin/../../lib/gcc/pic32c/13.2.1/../../../../pic32c/lib/thumb/v6-m/nofp\libg-musl.a(libc.o)
 .debug_info    0x0000201f       0x97 c:/PROGRA~1/MICROC~1/xc32/v5.00/bin/bin/../../lib/gcc/pic32c/13.2.1/../../../../pic32c/lib/thumb/v6-m/nofp\libg-musl.a(__environ.o)
 .debug_info    0x000020b6      0x117 c:/PROGRA~1/MICROC~1/xc32/v5.00/bin/bin/../../lib/gcc/pic32c/13.2.1/../../../../pic32c/lib/thumb/v6-m/nofp\libpic32c.a(pic32_data_init_clear.o)
 .debug_info    0x000021cd      0x12c c:/PROGRA~1/MICROC~1/xc32/v5.00/bin/bin/../../lib/gcc/pic32c/13.2.1/../../../../pic32c/lib/thumb/v6-m/nofp\libpic32c.a(pic32_data_init_copy.o)

.debug_abbrev   0x00000000      0x9d0
 .debug_abbrev  0x00000000       0xf8 CMakeFiles/GardenBot_default_default_XC32_compile.dir/C_/Users/c17665/MPLABProjects/GardenBot/configuration.c.o
 .debug_abbrev  0x000000f8       0x9a CMakeFiles/GardenBot_default_default_XC32_compile.dir/C_/Users/c17665/MPLABProjects/GardenBot/main.c.o
 .debug_abbrev  0x00000192       0xeb CMakeFiles/GardenBot_default_default_XC32_compile.dir/C_/Users/c17665/MPLABProjects/GardenBot/usart.c.o
 .debug_abbrev  0x0000027d       0xcb CMakeFiles/GardenBot_default_default_XC32_compile.dir/C_/Users/c17665/MPLABProjects/GardenBot/utilities.c.o
 .debug_abbrev  0x00000348      0x16b C:\Users\c17665\AppData\Local\Temp\ccGbahhM.o
 .debug_abbrev  0x000004b3      0x156 c:/PROGRA~1/MICROC~1/xc32/v5.00/bin/bin/../../lib/gcc/pic32c/13.2.1/../../../../pic32c/lib/thumb/v6-m/nofp\libpic32c.a(data_init.o)
 .debug_abbrev  0x00000609      0x133 c:/PROGRA~1/MICROC~1/xc32/v5.00/bin/bin/../../lib/gcc/pic32c/13.2.1/../../../../pic32c/lib/thumb/v6-m/nofp\libg-musl.a(__libc_start_main.o)
 .debug_abbrev  0x0000073c       0xd4 c:/PROGRA~1/MICROC~1/xc32/v5.00/bin/bin/../../lib/gcc/pic32c/13.2.1/../../../../pic32c/lib/thumb/v6-m/nofp\libg-musl.a(libc.o)
 .debug_abbrev  0x00000810       0x62 c:/PROGRA~1/MICROC~1/xc32/v5.00/bin/bin/../../lib/gcc/pic32c/13.2.1/../../../../pic32c/lib/thumb/v6-m/nofp\libg-musl.a(__environ.o)
 .debug_abbrev  0x00000872       0xa5 c:/PROGRA~1/MICROC~1/xc32/v5.00/bin/bin/../../lib/gcc/pic32c/13.2.1/../../../../pic32c/lib/thumb/v6-m/nofp\libpic32c.a(pic32_data_init_clear.o)
 .debug_abbrev  0x00000917       0xb9 c:/PROGRA~1/MICROC~1/xc32/v5.00/bin/bin/../../lib/gcc/pic32c/13.2.1/../../../../pic32c/lib/thumb/v6-m/nofp\libpic32c.a(pic32_data_init_copy.o)

.debug_loc      0x00000000      0x607
 .debug_loc     0x00000000       0xbc CMakeFiles/GardenBot_default_default_XC32_compile.dir/C_/Users/c17665/MPLABProjects/GardenBot/configuration.c.o
 .debug_loc     0x000000bc       0x2c CMakeFiles/GardenBot_default_default_XC32_compile.dir/C_/Users/c17665/MPLABProjects/GardenBot/main.c.o
 .debug_loc     0x000000e8       0x64 CMakeFiles/GardenBot_default_default_XC32_compile.dir/C_/Users/c17665/MPLABProjects/GardenBot/usart.c.o
 .debug_loc     0x0000014c       0xbc CMakeFiles/GardenBot_default_default_XC32_compile.dir/C_/Users/c17665/MPLABProjects/GardenBot/utilities.c.o
 .debug_loc     0x00000208      0x113 c:/PROGRA~1/MICROC~1/xc32/v5.00/bin/bin/../../lib/gcc/pic32c/13.2.1/../../../../pic32c/lib/thumb/v6-m/nofp\libpic32c.a(data_init.o)
 .debug_loc     0x0000031b       0x5e c:/PROGRA~1/MICROC~1/xc32/v5.00/bin/bin/../../lib/gcc/pic32c/13.2.1/../../../../pic32c/lib/thumb/v6-m/nofp\libg-musl.a(__libc_start_main.o)
 .debug_loc     0x00000379       0xf7 c:/PROGRA~1/MICROC~1/xc32/v5.00/bin/bin/../../lib/gcc/pic32c/13.2.1/../../../../pic32c/lib/thumb/v6-m/nofp\libpic32c.a(pic32_data_init_clear.o)
 .debug_loc     0x00000470      0x197 c:/PROGRA~1/MICROC~1/xc32/v5.00/bin/bin/../../lib/gcc/pic32c/13.2.1/../../../../pic32c/lib/thumb/v6-m/nofp\libpic32c.a(pic32_data_init_copy.o)

.debug_aranges  0x00000000      0x170
 .debug_aranges
                0x00000000       0x20 CMakeFiles/GardenBot_default_default_XC32_compile.dir/C_/Users/c17665/MPLABProjects/GardenBot/configuration.c.o
 .debug_aranges
                0x00000020       0x20 CMakeFiles/GardenBot_default_default_XC32_compile.dir/C_/Users/c17665/MPLABProjects/GardenBot/main.c.o
 .debug_aranges
                0x00000040       0x20 CMakeFiles/GardenBot_default_default_XC32_compile.dir/C_/Users/c17665/MPLABProjects/GardenBot/usart.c.o
 .debug_aranges
                0x00000060       0x20 CMakeFiles/GardenBot_default_default_XC32_compile.dir/C_/Users/c17665/MPLABProjects/GardenBot/utilities.c.o
 .debug_aranges
                0x00000080       0x28 C:\Users\c17665\AppData\Local\Temp\ccGbahhM.o
 .debug_aranges
                0x000000a8       0x30 c:/PROGRA~1/MICROC~1/xc32/v5.00/bin/bin/../../lib/gcc/pic32c/13.2.1/../../../../pic32c/lib/thumb/v6-m/nofp\libpic32c.a(data_init.o)
 .debug_aranges
                0x000000d8       0x28 c:/PROGRA~1/MICROC~1/xc32/v5.00/bin/bin/../../lib/gcc/pic32c/13.2.1/../../../../pic32c/lib/thumb/v6-m/nofp\libg-musl.a(__libc_start_main.o)
 .debug_aranges
                0x00000100       0x18 c:/PROGRA~1/MICROC~1/xc32/v5.00/bin/bin/../../lib/gcc/pic32c/13.2.1/../../../../pic32c/lib/thumb/v6-m/nofp\libg-musl.a(libc.o)
 .debug_aranges
                0x00000118       0x18 c:/PROGRA~1/MICROC~1/xc32/v5.00/bin/bin/../../lib/gcc/pic32c/13.2.1/../../../../pic32c/lib/thumb/v6-m/nofp\libg-musl.a(__environ.o)
 .debug_aranges
                0x00000130       0x20 c:/PROGRA~1/MICROC~1/xc32/v5.00/bin/bin/../../lib/gcc/pic32c/13.2.1/../../../../pic32c/lib/thumb/v6-m/nofp\libpic32c.a(pic32_data_init_clear.o)
 .debug_aranges
                0x00000150       0x20 c:/PROGRA~1/MICROC~1/xc32/v5.00/bin/bin/../../lib/gcc/pic32c/13.2.1/../../../../pic32c/lib/thumb/v6-m/nofp\libpic32c.a(pic32_data_init_copy.o)

.debug_line     0x00000000      0xefc
 .debug_line    0x00000000      0x20d CMakeFiles/GardenBot_default_default_XC32_compile.dir/C_/Users/c17665/MPLABProjects/GardenBot/configuration.c.o
 .debug_line    0x0000020d       0xe2 CMakeFiles/GardenBot_default_default_XC32_compile.dir/C_/Users/c17665/MPLABProjects/GardenBot/main.c.o
 .debug_line    0x000002ef      0x134 CMakeFiles/GardenBot_default_default_XC32_compile.dir/C_/Users/c17665/MPLABProjects/GardenBot/usart.c.o
 .debug_line    0x00000423      0x143 CMakeFiles/GardenBot_default_default_XC32_compile.dir/C_/Users/c17665/MPLABProjects/GardenBot/utilities.c.o
 .debug_line    0x00000566      0x262 C:\Users\c17665\AppData\Local\Temp\ccGbahhM.o
 .debug_line    0x000007c8      0x165 c:/PROGRA~1/MICROC~1/xc32/v5.00/bin/bin/../../lib/gcc/pic32c/13.2.1/../../../../pic32c/lib/thumb/v6-m/nofp\libpic32c.a(data_init.o)
 .debug_line    0x0000092d      0x1cb c:/PROGRA~1/MICROC~1/xc32/v5.00/bin/bin/../../lib/gcc/pic32c/13.2.1/../../../../pic32c/lib/thumb/v6-m/nofp\libg-musl.a(__libc_start_main.o)
 .debug_line    0x00000af8       0xb5 c:/PROGRA~1/MICROC~1/xc32/v5.00/bin/bin/../../lib/gcc/pic32c/13.2.1/../../../../pic32c/lib/thumb/v6-m/nofp\libg-musl.a(libc.o)
 .debug_line    0x00000bad       0xfb c:/PROGRA~1/MICROC~1/xc32/v5.00/bin/bin/../../lib/gcc/pic32c/13.2.1/../../../../pic32c/lib/thumb/v6-m/nofp\libg-musl.a(__environ.o)
 .debug_line    0x00000ca8      0x11e c:/PROGRA~1/MICROC~1/xc32/v5.00/bin/bin/../../lib/gcc/pic32c/13.2.1/../../../../pic32c/lib/thumb/v6-m/nofp\libpic32c.a(pic32_data_init_clear.o)
 .debug_line    0x00000dc6      0x136 c:/PROGRA~1/MICROC~1/xc32/v5.00/bin/bin/../../lib/gcc/pic32c/13.2.1/../../../../pic32c/lib/thumb/v6-m/nofp\libpic32c.a(pic32_data_init_copy.o)

.debug_str      0x00000000     0x1537
 .debug_str     0x00000000     0x1537 CMakeFiles/GardenBot_default_default_XC32_compile.dir/C_/Users/c17665/MPLABProjects/GardenBot/configuration.c.o
                                0x632 (size before relaxing)
 .debug_str     0x00001537      0x2cd CMakeFiles/GardenBot_default_default_XC32_compile.dir/C_/Users/c17665/MPLABProjects/GardenBot/main.c.o
 .debug_str     0x00001537      0x48d CMakeFiles/GardenBot_default_default_XC32_compile.dir/C_/Users/c17665/MPLABProjects/GardenBot/usart.c.o
 .debug_str     0x00001537      0x393 CMakeFiles/GardenBot_default_default_XC32_compile.dir/C_/Users/c17665/MPLABProjects/GardenBot/utilities.c.o
 .debug_str     0x00001537      0x6b5 C:\Users\c17665\AppData\Local\Temp\ccGbahhM.o
 .debug_str     0x00001537      0x2ef c:/PROGRA~1/MICROC~1/xc32/v5.00/bin/bin/../../lib/gcc/pic32c/13.2.1/../../../../pic32c/lib/thumb/v6-m/nofp\libpic32c.a(data_init.o)
 .debug_str     0x00001537      0x3dd c:/PROGRA~1/MICROC~1/xc32/v5.00/bin/bin/../../lib/gcc/pic32c/13.2.1/../../../../pic32c/lib/thumb/v6-m/nofp\libg-musl.a(__libc_start_main.o)
 .debug_str     0x00001537      0x348 c:/PROGRA~1/MICROC~1/xc32/v5.00/bin/bin/../../lib/gcc/pic32c/13.2.1/../../../../pic32c/lib/thumb/v6-m/nofp\libg-musl.a(libc.o)
 .debug_str     0x00001537      0x248 c:/PROGRA~1/MICROC~1/xc32/v5.00/bin/bin/../../lib/gcc/pic32c/13.2.1/../../../../pic32c/lib/thumb/v6-m/nofp\libg-musl.a(__environ.o)
 .debug_str     0x00001537      0x280 c:/PROGRA~1/MICROC~1/xc32/v5.00/bin/bin/../../lib/gcc/pic32c/13.2.1/../../../../pic32c/lib/thumb/v6-m/nofp\libpic32c.a(pic32_data_init_clear.o)
 .debug_str     0x00001537      0x287 c:/PROGRA~1/MICROC~1/xc32/v5.00/bin/bin/../../lib/gcc/pic32c/13.2.1/../../../../pic32c/lib/thumb/v6-m/nofp\libpic32c.a(pic32_data_init_copy.o)

.debug_frame    0x00000000      0x278
 .debug_frame   0x00000000       0x84 CMakeFiles/GardenBot_default_default_XC32_compile.dir/C_/Users/c17665/MPLABProjects/GardenBot/configuration.c.o
 .debug_frame   0x00000084       0x2c CMakeFiles/GardenBot_default_default_XC32_compile.dir/C_/Users/c17665/MPLABProjects/GardenBot/main.c.o
 .debug_frame   0x000000b0       0x4c CMakeFiles/GardenBot_default_default_XC32_compile.dir/C_/Users/c17665/MPLABProjects/GardenBot/usart.c.o
 .debug_frame   0x000000fc       0x84 CMakeFiles/GardenBot_default_default_XC32_compile.dir/C_/Users/c17665/MPLABProjects/GardenBot/utilities.c.o
 .debug_frame   0x00000180       0x30 C:\Users\c17665\AppData\Local\Temp\ccGbahhM.o
 .debug_frame   0x000001b0       0x48 c:/PROGRA~1/MICROC~1/xc32/v5.00/bin/bin/../../lib/gcc/pic32c/13.2.1/../../../../pic32c/lib/thumb/v6-m/nofp\libpic32c.a(data_init.o)
 .debug_frame   0x000001f8       0x38 c:/PROGRA~1/MICROC~1/xc32/v5.00/bin/bin/../../lib/gcc/pic32c/13.2.1/../../../../pic32c/lib/thumb/v6-m/nofp\libg-musl.a(__libc_start_main.o)
 .debug_frame   0x00000230       0x20 c:/PROGRA~1/MICROC~1/xc32/v5.00/bin/bin/../../lib/gcc/pic32c/13.2.1/../../../../pic32c/lib/thumb/v6-m/nofp\libpic32c.a(pic32_data_init_clear.o)
 .debug_frame   0x00000250       0x28 c:/PROGRA~1/MICROC~1/xc32/v5.00/bin/bin/../../lib/gcc/pic32c/13.2.1/../../../../pic32c/lib/thumb/v6-m/nofp\libpic32c.a(pic32_data_init_copy.o)

.debug_ranges   0x00000000       0x88
 .debug_ranges  0x00000000       0x18 C:\Users\c17665\AppData\Local\Temp\ccGbahhM.o
 .debug_ranges  0x00000018       0x20 c:/PROGRA~1/MICROC~1/xc32/v5.00/bin/bin/../../lib/gcc/pic32c/13.2.1/../../../../pic32c/lib/thumb/v6-m/nofp\libpic32c.a(data_init.o)
 .debug_ranges  0x00000038       0x30 c:/PROGRA~1/MICROC~1/xc32/v5.00/bin/bin/../../lib/gcc/pic32c/13.2.1/../../../../pic32c/lib/thumb/v6-m/nofp\libg-musl.a(__libc_start_main.o)
 .debug_ranges  0x00000068       0x10 c:/PROGRA~1/MICROC~1/xc32/v5.00/bin/bin/../../lib/gcc/pic32c/13.2.1/../../../../pic32c/lib/thumb/v6-m/nofp\libpic32c.a(pic32_data_init_clear.o)
 .debug_ranges  0x00000078       0x10 c:/PROGRA~1/MICROC~1/xc32/v5.00/bin/bin/../../lib/gcc/pic32c/13.2.1/../../../../pic32c/lib/thumb/v6-m/nofp\libpic32c.a(pic32_data_init_copy.o)

.note.GNU-stack
                0x00000000        0x0
 .note.GNU-stack
                0x00000000        0x0 c:/PROGRA~1/MICROC~1/xc32/v5.00/bin/bin/../../lib/gcc/pic32c/13.2.1/../../../../pic32c/lib/thumb/v6-m/nofp\libg-musl.a(__libc_start_main.o)
 .note.GNU-stack
                0x00000000        0x0 c:/PROGRA~1/MICROC~1/xc32/v5.00/bin/bin/../../lib/gcc/pic32c/13.2.1/../../../../pic32c/lib/thumb/v6-m/nofp\libg-musl.a(libc.o)
 .note.GNU-stack
                0x00000000        0x0 c:/PROGRA~1/MICROC~1/xc32/v5.00/bin/bin/../../lib/gcc/pic32c/13.2.1/../../../../pic32c/lib/thumb/v6-m/nofp\libg-musl.a(__environ.o)

.vfp11_veneer%z1

.v4_bx%z2

.iplt%z3

.rel.iplt%z4

.igot.plt%z5

.bss%1          0x20000000       0x50
 .bss           0x20000000       0x50 c:/PROGRA~1/MICROC~1/xc32/v5.00/bin/bin/../../lib/gcc/pic32c/13.2.1/../../../../pic32c/lib/thumb/v6-m/nofp\libg-musl.a(libc.o)
                0x20000000                __progname_full
                0x20000000                program_invocation_name
                0x20000004                program_invocation_short_name
                0x20000004                __progname
                0x20000008                __sysinfo
                0x2000000c                __hwcap
                0x20000010                __libc

.bss%2          0x20000050       0x1c
 .bss           0x20000050       0x1c c:/PROGRA~1/MICROC~1/xc32/v5.00/bin/bin/../../lib/gcc/pic32c/13.2.1/thumb/v6-m/nofp/crtbegin.o

.bss%3          0x2000006c        0x4
 .bss           0x2000006c        0x4 c:/PROGRA~1/MICROC~1/xc32/v5.00/bin/bin/../../lib/gcc/pic32c/13.2.1/../../../../pic32c/lib/thumb/v6-m/nofp\libpic32c.a(data_init.o)

.bss%4          0x20000070        0x4
 .bss           0x20000070        0x4 c:/PROGRA~1/MICROC~1/xc32/v5.00/bin/bin/../../lib/gcc/pic32c/13.2.1/../../../../pic32c/lib/thumb/v6-m/nofp\libg-musl.a(__environ.o)
                0x20000070                __environ
                0x20000070                environ
                0x20000070                ___environ
                0x20000070                _environ

.bss%z6         0x00000000        0x0
 .bss           0x00000000        0x0 c:/PROGRA~1/MICROC~1/xc32/v5.00/bin/bin/../../lib/gcc/pic32c/13.2.1/../../../../pic32c/lib/thumb/v6-m/nofp\libpic32c.a(pic32_data_init_copy.o)

.bss%z7         0x00000000        0x0
 .bss           0x00000000        0x0 c:/PROGRA~1/MICROC~1/xc32/v5.00/bin/bin/../../lib/gcc/pic32c/13.2.1/../../../../pic32c/lib/thumb/v6-m/nofp\libpic32c.a(pic32_data_init_clear.o)

.bss%z8         0x00000000        0x0
 .bss           0x00000000        0x0 c:/PROGRA~1/MICROC~1/xc32/v5.00/bin/bin/../../lib/gcc/pic32c/13.2.1/thumb/v6-m/nofp/crtn.o

.bss%z9         0x00000000        0x0
 .bss           0x00000000        0x0 c:/PROGRA~1/MICROC~1/xc32/v5.00/bin/bin/../../lib/gcc/pic32c/13.2.1/thumb/v6-m/nofp/crtend.o

.bss%z10        0x00000000        0x0
 .bss           0x00000000        0x0 c:/PROGRA~1/MICROC~1/xc32/v5.00/bin/bin/../../lib/gcc/pic32c/13.2.1/../../../../pic32c/lib/thumb/v6-m/nofp\libg-musl.a(__libc_start_main.o)

.bss%z11        0x00000000        0x0
 .bss           0x00000000        0x0 C:\Users\c17665\AppData\Local\Temp\ccGbahhM.o

.bss%z12        0x00000000        0x0
 .bss           0x00000000        0x0 CMakeFiles/GardenBot_default_default_XC32_compile.dir/C_/Users/c17665/MPLABProjects/GardenBot/utilities.c.o

.bss%z13        0x00000000        0x0
 .bss           0x00000000        0x0 CMakeFiles/GardenBot_default_default_XC32_compile.dir/C_/Users/c17665/MPLABProjects/GardenBot/usart.c.o

.bss%z14        0x00000000        0x0
 .bss           0x00000000        0x0 CMakeFiles/GardenBot_default_default_XC32_compile.dir/C_/Users/c17665/MPLABProjects/GardenBot/main.c.o

.bss%z15        0x00000000        0x0
 .bss           0x00000000        0x0 CMakeFiles/GardenBot_default_default_XC32_compile.dir/C_/Users/c17665/MPLABProjects/GardenBot/configuration.c.o

.bss%z16        0x00000000        0x0
 .bss           0x00000000        0x0 c:/PROGRA~1/MICROC~1/xc32/v5.00/bin/bin/../../lib/gcc/pic32c/13.2.1/thumb/v6-m/nofp/crti.o

.data%5         0x20000074        0x4
 .data          0x20000074        0x4 c:/PROGRA~1/MICROC~1/xc32/v5.00/bin/bin/../../lib/gcc/pic32c/13.2.1/thumb/v6-m/nofp/crtbegin.o
                0x20000074                __dso_handle

.eh_frame%6     0x20000078        0x4
 .eh_frame      0x20000078        0x4 c:/PROGRA~1/MICROC~1/xc32/v5.00/bin/bin/../../lib/gcc/pic32c/13.2.1/thumb/v6-m/nofp/crtend.o

.data%z17       0x00000000        0x0
 .data          0x00000000        0x0 c:/PROGRA~1/MICROC~1/xc32/v5.00/bin/bin/../../lib/gcc/pic32c/13.2.1/../../../../pic32c/lib/thumb/v6-m/nofp\libpic32c.a(pic32_data_init_copy.o)

.data%z18       0x00000000        0x0
 .data          0x00000000        0x0 c:/PROGRA~1/MICROC~1/xc32/v5.00/bin/bin/../../lib/gcc/pic32c/13.2.1/../../../../pic32c/lib/thumb/v6-m/nofp\libpic32c.a(pic32_data_init_clear.o)

.data%z19       0x00000000        0x0
 .data          0x00000000        0x0 c:/PROGRA~1/MICROC~1/xc32/v5.00/bin/bin/../../lib/gcc/pic32c/13.2.1/thumb/v6-m/nofp/crtn.o

.data%z20       0x00000000        0x0
 .data          0x00000000        0x0 c:/PROGRA~1/MICROC~1/xc32/v5.00/bin/bin/../../lib/gcc/pic32c/13.2.1/thumb/v6-m/nofp/crtend.o

.data%z21       0x00000000        0x0
 .data          0x00000000        0x0 c:/PROGRA~1/MICROC~1/xc32/v5.00/bin/bin/../../lib/gcc/pic32c/13.2.1/../../../../pic32c/lib/thumb/v6-m/nofp\libg-musl.a(__environ.o)

.data%z22       0x00000000        0x0
 .data          0x00000000        0x0 c:/PROGRA~1/MICROC~1/xc32/v5.00/bin/bin/../../lib/gcc/pic32c/13.2.1/../../../../pic32c/lib/thumb/v6-m/nofp\libg-musl.a(libc.o)

.data%z23       0x00000000        0x0
 .data          0x00000000        0x0 c:/PROGRA~1/MICROC~1/xc32/v5.00/bin/bin/../../lib/gcc/pic32c/13.2.1/../../../../pic32c/lib/thumb/v6-m/nofp\libg-musl.a(__libc_start_main.o)

.data%z24       0x00000000        0x0
 .data          0x00000000        0x0 c:/PROGRA~1/MICROC~1/xc32/v5.00/bin/bin/../../lib/gcc/pic32c/13.2.1/../../../../pic32c/lib/thumb/v6-m/nofp\libpic32c.a(data_init.o)

.data%z25       0x00000000        0x0
 .data          0x00000000        0x0 C:\Users\c17665\AppData\Local\Temp\ccGbahhM.o

.data%z26       0x00000000        0x0
 .data          0x00000000        0x0 CMakeFiles/GardenBot_default_default_XC32_compile.dir/C_/Users/c17665/MPLABProjects/GardenBot/utilities.c.o

.data%z27       0x00000000        0x0
 .data          0x00000000        0x0 CMakeFiles/GardenBot_default_default_XC32_compile.dir/C_/Users/c17665/MPLABProjects/GardenBot/usart.c.o

.data%z28       0x00000000        0x0
 .data          0x00000000        0x0 CMakeFiles/GardenBot_default_default_XC32_compile.dir/C_/Users/c17665/MPLABProjects/GardenBot/main.c.o

.data%z29       0x00000000        0x0
 .data          0x00000000        0x0 CMakeFiles/GardenBot_default_default_XC32_compile.dir/C_/Users/c17665/MPLABProjects/GardenBot/configuration.c.o

.eh_frame%z30   0x00000000        0x0
 .eh_frame      0x00000000        0x0 c:/PROGRA~1/MICROC~1/xc32/v5.00/bin/bin/../../lib/gcc/pic32c/13.2.1/thumb/v6-m/nofp/crtbegin.o

.data%z31       0x00000000        0x0
 .data          0x00000000        0x0 c:/PROGRA~1/MICROC~1/xc32/v5.00/bin/bin/../../lib/gcc/pic32c/13.2.1/thumb/v6-m/nofp/crti.o

.config_00804004%7
                0x00804004        0x4
 .config_00804004
                0x00804004        0x4 CMakeFiles/GardenBot_default_default_XC32_compile.dir/C_/Users/c17665/MPLABProjects/GardenBot/configuration.c.o
                0x00804004                __config_00804004

.config_00804000%8
                0x00804000        0x4
 .config_00804000
                0x00804000        0x4 CMakeFiles/GardenBot_default_default_XC32_compile.dir/C_/Users/c17665/MPLABProjects/GardenBot/configuration.c.o
                0x00804000                __config_00804000

.text%9         0x000000cc      0x108
 .text          0x000000cc      0x108 CMakeFiles/GardenBot_default_default_XC32_compile.dir/C_/Users/c17665/MPLABProjects/GardenBot/configuration.c.o
                0x000000cc                init_system
                0x000000ec                init_ports
                0x00000128                init_OSCCTRL
                0x00000190                init_GCLK

.text%10        0x000001d4       0x5c
 .text          0x000001d4       0x5c CMakeFiles/GardenBot_default_default_XC32_compile.dir/C_/Users/c17665/MPLABProjects/GardenBot/utilities.c.o
                0x000001d4                simple_dly
                0x000001f4                LED_on
                0x00000208                LED_off
                0x0000021c                toggle_LED

.text.__libc_start_init%11
                0x00000230       0x5c
 .text.__libc_start_init
                0x00000230       0x5c c:/PROGRA~1/MICROC~1/xc32/v5.00/bin/bin/../../lib/gcc/pic32c/13.2.1/../../../../pic32c/lib/thumb/v6-m/nofp\libg-musl.a(__libc_start_main.o)
                0x00000230                __libc_init_array

.text.Reset_Handler%12
                0x0000028c       0x54
 .text.Reset_Handler
                0x0000028c       0x54 C:\Users\c17665\AppData\Local\Temp\ccGbahhM.o
                0x0000028c                Reset_Handler

.dinit%13       0x000002e0       0x50
 .dinit         0x000002e0       0x50 data_init

.text%14        0x00000330       0x4c
 .text          0x00000330       0x4c CMakeFiles/GardenBot_default_default_XC32_compile.dir/C_/Users/c17665/MPLABProjects/GardenBot/usart.c.o
                0x00000330                init_USART
                0x00000358                USART_sendChar

.text%15        0x0000037c       0x48
 .text          0x0000037c       0x48 c:/PROGRA~1/MICROC~1/xc32/v5.00/bin/bin/../../lib/gcc/pic32c/13.2.1/thumb/v6-m/nofp/crtbegin.o

.text.__pic32c_data_initialization%16
                0x000003c4       0x38
 .text.__pic32c_data_initialization
                0x000003c4       0x38 c:/PROGRA~1/MICROC~1/xc32/v5.00/bin/bin/../../lib/gcc/pic32c/13.2.1/../../../../pic32c/lib/thumb/v6-m/nofp\libpic32c.a(data_init.o)
                0x000003c4                __pic32c_data_initialization

.text%17        0x000003fc       0x2c
 .text          0x000003fc       0x2c CMakeFiles/GardenBot_default_default_XC32_compile.dir/C_/Users/c17665/MPLABProjects/GardenBot/main.c.o
                0x000003fc                main

.rodata%18      0x00000428       0x24
 .rodata        0x00000428       0x24 c:/PROGRA~1/MICROC~1/xc32/v5.00/bin/bin/../../lib/gcc/pic32c/13.2.1/thumb/v6-m/nofp/crtbegin.o

.rodata%19      0x0000044c       0x24
 .rodata        0x0000044c       0x24 c:/PROGRA~1/MICROC~1/xc32/v5.00/bin/bin/../../lib/gcc/pic32c/13.2.1/thumb/v6-m/nofp/crtend.o

.text.__dinit_copy%20
                0x00000470       0x1e
 .text.__dinit_copy
                0x00000470       0x1e c:/PROGRA~1/MICROC~1/xc32/v5.00/bin/bin/../../lib/gcc/pic32c/13.2.1/../../../../pic32c/lib/thumb/v6-m/nofp\libpic32c.a(pic32_data_init_copy.o)
                0x00000470                __dinit_copy_needed
                0x00000470                __dinit_copy

.rodata%21      0x00000490       0x14
 .rodata        0x00000490       0x14 c:/PROGRA~1/MICROC~1/xc32/v5.00/bin/bin/../../lib/gcc/pic32c/13.2.1/../../../../pic32c/lib/thumb/v6-m/nofp\libpic32c.a(data_init.o)

.text.__dinit_clear%22
                0x000004a4       0x12
 .text.__dinit_clear
                0x000004a4       0x12 c:/PROGRA~1/MICROC~1/xc32/v5.00/bin/bin/../../lib/gcc/pic32c/13.2.1/../../../../pic32c/lib/thumb/v6-m/nofp\libpic32c.a(pic32_data_init_clear.o)
                0x000004a4                __dinit_clear
                0x000004a4                __dinit_clear_needed

.text.__dummy_decompress%23
                0x000004b6        0x4
 .text.__dummy_decompress
                0x000004b6        0x4 c:/PROGRA~1/MICROC~1/xc32/v5.00/bin/bin/../../lib/gcc/pic32c/13.2.1/../../../../pic32c/lib/thumb/v6-m/nofp\libpic32c.a(data_init.o)
                0x000004b6                __dinit_decompress
                0x000004b6                __dinit_copy_val_data
                0x000004b6                __dinit_copy_emb

.rodata%24      0x000004bc        0x2
 .rodata        0x000004bc        0x2 CMakeFiles/GardenBot_default_default_XC32_compile.dir/C_/Users/c17665/MPLABProjects/GardenBot/main.c.o

.text.Dummy_Handler%25
                0x0000048e        0x2
 .text.Dummy_Handler
                0x0000048e        0x2 C:\Users\c17665\AppData\Local\Temp\ccGbahhM.o
                0x0000048e                SVCall_Handler
                0x0000048e                DMAC_Handler
                0x0000048e                HardFault_Handler
                0x0000048e                TC2_Handler
                0x0000048e                AC_Handler
                0x0000048e                SysTick_Handler
                0x0000048e                PendSV_Handler
                0x0000048e                SERCOM1_Handler
                0x0000048e                NonMaskableInt_Handler
                0x0000048e                TCC1_Handler
                0x0000048e                SERCOM2_Handler
                0x0000048e                TCC0_Handler
                0x0000048e                RTC_Handler
                0x0000048e                ADC1_Handler
                0x0000048e                EIC_Handler
                0x0000048e                WDT_Handler
                0x0000048e                TC4_Handler
                0x0000048e                TC1_Handler
                0x0000048e                TC3_Handler
                0x0000048e                SDADC_Handler
                0x0000048e                Dummy_Handler
                0x0000048e                ADC0_Handler
                0x0000048e                TSENS_Handler
                0x0000048e                PDEC_Handler
                0x0000048e                TCC2_Handler
                0x0000048e                EVSYS_Handler
                0x0000048e                SERCOM3_Handler
                0x0000048e                NVMCTRL_Handler
                0x0000048e                SYSTEM_Handler
                0x0000048e                SERCOM0_Handler
                0x0000048e                DAC_Handler
                0x0000048e                FREQM_Handler
                0x0000048e                TC0_Handler

.text.__dummy_init_tls%26
                0x000004ba        0x2
 .text.__dummy_init_tls
                0x000004ba        0x2 c:/PROGRA~1/MICROC~1/xc32/v5.00/bin/bin/../../lib/gcc/pic32c/13.2.1/../../../../pic32c/lib/thumb/v6-m/nofp\libpic32c.a(data_init.o)
                0x000004ba                xc32_init_tls

.text.__dummy%27
                0x000004be        0x2
 .text.__dummy  0x000004be        0x2 c:/PROGRA~1/MICROC~1/xc32/v5.00/bin/bin/../../lib/gcc/pic32c/13.2.1/../../../../pic32c/lib/thumb/v6-m/nofp\libg-musl.a(__libc_start_main.o)
                0x000004be                __init_stdio
                0x000004be                __init_host

.text%z32       0x00000000        0x0
 .text          0x00000000        0x0 c:/PROGRA~1/MICROC~1/xc32/v5.00/bin/bin/../../lib/gcc/pic32c/13.2.1/../../../../pic32c/lib/thumb/v6-m/nofp\libpic32c.a(pic32_data_init_copy.o)

.text%z33       0x00000000        0x0
 .text          0x00000000        0x0 c:/PROGRA~1/MICROC~1/xc32/v5.00/bin/bin/../../lib/gcc/pic32c/13.2.1/../../../../pic32c/lib/thumb/v6-m/nofp\libpic32c.a(pic32_data_init_clear.o)

.text%z34       0x00000000        0x0
 .text          0x00000000        0x0 c:/PROGRA~1/MICROC~1/xc32/v5.00/bin/bin/../../lib/gcc/pic32c/13.2.1/thumb/v6-m/nofp/crtn.o

.text%z35       0x00000000        0x0
 .text          0x00000000        0x0 c:/PROGRA~1/MICROC~1/xc32/v5.00/bin/bin/../../lib/gcc/pic32c/13.2.1/thumb/v6-m/nofp/crtend.o

.text%z36       0x00000000        0x0
 .text          0x00000000        0x0 c:/PROGRA~1/MICROC~1/xc32/v5.00/bin/bin/../../lib/gcc/pic32c/13.2.1/../../../../pic32c/lib/thumb/v6-m/nofp\libg-musl.a(__environ.o)

.text%z37       0x00000000        0x0
 .text          0x00000000        0x0 c:/PROGRA~1/MICROC~1/xc32/v5.00/bin/bin/../../lib/gcc/pic32c/13.2.1/../../../../pic32c/lib/thumb/v6-m/nofp\libg-musl.a(libc.o)

.text%z38       0x00000000        0x0
 .text          0x00000000        0x0 c:/PROGRA~1/MICROC~1/xc32/v5.00/bin/bin/../../lib/gcc/pic32c/13.2.1/../../../../pic32c/lib/thumb/v6-m/nofp\libg-musl.a(__libc_start_main.o)

.text%z39       0x00000000        0x0
 .text          0x00000000        0x0 c:/PROGRA~1/MICROC~1/xc32/v5.00/bin/bin/../../lib/gcc/pic32c/13.2.1/../../../../pic32c/lib/thumb/v6-m/nofp\libpic32c.a(data_init.o)

.text%z40       0x00000000        0x0
 .text          0x00000000        0x0 C:\Users\c17665\AppData\Local\Temp\ccGbahhM.o

.text%z41       0x00000000        0x0
 .text          0x00000000        0x0 c:/PROGRA~1/MICROC~1/xc32/v5.00/bin/bin/../../lib/gcc/pic32c/13.2.1/thumb/v6-m/nofp/crti.o
