Archive member included to satisfy reference by file (symbol)

/opt/microchip/xc32/v5.00/bin/bin/../../lib/gcc/pic32c/13.2.1/../../../../pic32c/lib/thumb/v6-m/nofp/libpic32c.a(data_init.o)
                              /tmp/ccqyIZAU.o (__pic32c_data_initialization)
/opt/microchip/xc32/v5.00/bin/bin/../../lib/gcc/pic32c/13.2.1/../../../../pic32c/lib/thumb/v6-m/nofp/libg-musl.a(__libc_start_main.o)
                              /tmp/ccqyIZAU.o (__libc_init_array)
/opt/microchip/xc32/v5.00/bin/bin/../../lib/gcc/pic32c/13.2.1/../../../../pic32c/lib/thumb/v6-m/nofp/libg-musl.a(libc.o)
                              /opt/microchip/xc32/v5.00/bin/bin/../../lib/gcc/pic32c/13.2.1/../../../../pic32c/lib/thumb/v6-m/nofp/libg-musl.a(__libc_start_main.o) (__progname_full)
/opt/microchip/xc32/v5.00/bin/bin/../../lib/gcc/pic32c/13.2.1/../../../../pic32c/lib/thumb/v6-m/nofp/libg-musl.a(__environ.o)
                              /opt/microchip/xc32/v5.00/bin/bin/../../lib/gcc/pic32c/13.2.1/../../../../pic32c/lib/thumb/v6-m/nofp/libg-musl.a(__libc_start_main.o) (__environ)
/opt/microchip/xc32/v5.00/bin/bin/../../lib/gcc/pic32c/13.2.1/../../../../pic32c/lib/thumb/v6-m/nofp/libpic32c.a(pic32_data_init_clear.o)
                              (__dinit_clear_needed)
/opt/microchip/xc32/v5.00/bin/bin/../../lib/gcc/pic32c/13.2.1/../../../../pic32c/lib/thumb/v6-m/nofp/libpic32c.a(pic32_data_init_copy.o)
                              (__dinit_copy_needed)

Microchip PIC32 Memory-Usage Report

ROM Program-Memory Usage
section                    address  length [bytes]      (dec)  Description
-------                 ----------  -------------------------  -----------
.vectors                         0           0xac         172   
.text                         0xac           0x20          32  App's exec code 
.text                         0xcc           0xec         236  App's exec code 
.text                        0x1b8           0x5c          92  App's exec code 
.text.__libc_start_init      0x214           0x5c          92   
.text.Reset_Handler          0x270           0x54          84   
.dinit                       0x2c4           0x50          80   
.text                        0x314           0x48          72  App's exec code 
.text.__pic32c_data_ini      0x35c           0x38          56   
.rodata                      0x394           0x24          36  Read-only const 
.rodata                      0x3b8           0x24          36  Read-only const 
.text.__dinit_copy           0x3dc           0x1e          30   
.text                        0x3fa           0x18          24  App's exec code 
.text.Dummy_Handler          0x412            0x2           2   
.rodata                      0x414           0x14          20  Read-only const 
.text.__dinit_clear          0x428           0x12          18   
.text.__dummy_decompres      0x43a            0x4           4   
.text.__dummy_init_tls       0x43e            0x2           2   
.text.__dummy                0x440            0x2           2   
      Total ROM used  :       0x442        1090  0.8% of 0x20000
        --------------------------------------------------------------------------
         Total Program Memory used  :       0x442        1090  0.8% of 0x20000
        --------------------------------------------------------------------------


RAM Data-Memory Usage
section                    address  length [bytes]      (dec)  Description
-------                 ----------  -------------------------  -----------
.bss                    0x20000000           0x50          80  Uninitialized data 
.bss                    0x20000050           0x1c          28  Uninitialized data 
.bss                    0x2000006c            0x4           4  Uninitialized data 
.bss                    0x20000070            0x4           4  Uninitialized data 
.data                   0x20000074            0x4           4  Initialized data 
.eh_frame               0x20000078            0x4           4   
         Total RAM used  :        0x7c         124  0.8% of 0x4000
        --------------------------------------------------------------------------
            Total Data Memory used  :        0x7c         124  0.8% of 0x4000
        --------------------------------------------------------------------------


Dynamic Data-Memory Reservation
section                    address  length [bytes]      (dec)  Description
-------                 ----------  -------------------------  -----------
heap                    0x20000080           0x10          16  Reserved for heap 
stack                   0x200000a8         0x3f48       16200  Reserved for stack 

        --------------------------------------------------------------------------

Microchip PIC32 Memory-Usage Report By Module

        text        data         bss         dec         hex    basename                   filename
--------------------------------------------------------------------------------
         258           0           0         258         102    ccqyIZAU.o             /tmp/ccqyIZAU.o
         244           0           0         244          f4    configuration.c.o      CMakeFiles/GardenBot_default_default_XC32_compile.dir/home/greg/Documents/Projects/GardenBot/configuration.c.o
         108          12          28         148          94    crtbegin.o             /opt/microchip/xc32/v5.00/bin/bin/../../lib/gcc/pic32c/13.2.1/thumb/v6-m/nofp/crtbegin.o
          94           0           0          94          5e    __libc_start_main.o    libg-musl.a
          92           0           0          92          5c    utilities.c.o          CMakeFiles/GardenBot_default_default_XC32_compile.dir/home/greg/Documents/Projects/GardenBot/utilities.c.o
          82           0           4          86          56    data_init.o            libpic32c.a
          80           0           0          80          50    data_init              data_init
           0           0          80          80          50    libc.o                 libg-musl.a
          36           4           0          40          28    crtend.o               /opt/microchip/xc32/v5.00/bin/bin/../../lib/gcc/pic32c/13.2.1/thumb/v6-m/nofp/crtend.o
          30           0           0          30          1e    pic32_data_init_copy.o libpic32c.a
          24           0           0          24          18    main.c.o               CMakeFiles/GardenBot_default_default_XC32_compile.dir/home/greg/Documents/Projects/GardenBot/main.c.o
          18           0           0          18          12    pic32_data_init_clear.olibpic32c.a
          16           0           0          16          10    crtn.o                 /opt/microchip/xc32/v5.00/bin/bin/../../lib/gcc/pic32c/13.2.1/thumb/v6-m/nofp/crtn.o
           8           0           0           8           8    crti.o                 /opt/microchip/xc32/v5.00/bin/bin/../../lib/gcc/pic32c/13.2.1/thumb/v6-m/nofp/crti.o
           0           0           4           4           4    __environ.o            libg-musl.a
--------------------------------------------------------------------------------
        1090          16         116        1222         4c6    /home/greg/Documents/Projects/GardenBot/out/GardenBot/default.elf


Discarded input sections

 .xc_stack_usage.hdr
                0x00000000        0xe /opt/microchip/xc32/v5.00/bin/bin/../../lib/gcc/pic32c/13.2.1/thumb/v6-m/nofp/crti.o
 .xc_stack_usage
                0x00000000       0x26 /opt/microchip/xc32/v5.00/bin/bin/../../lib/gcc/pic32c/13.2.1/thumb/v6-m/nofp/crti.o
 .xc_stack_usage
                0x00000000       0x3c /opt/microchip/xc32/v5.00/bin/bin/../../lib/gcc/pic32c/13.2.1/thumb/v6-m/nofp/crtbegin.o
 .xc_stack_usage.hdr
                0x00000000        0xe /opt/microchip/xc32/v5.00/bin/bin/../../lib/gcc/pic32c/13.2.1/thumb/v6-m/nofp/crtbegin.o
 .xc_stack_usage
                0x00000000       0x68 /opt/microchip/xc32/v5.00/bin/bin/../../lib/gcc/pic32c/13.2.1/../../../../pic32c/lib/thumb/v6-m/nofp/libpic32c.a(data_init.o)
 .xc_stack_usage.hdr
                0x00000000        0xe /opt/microchip/xc32/v5.00/bin/bin/../../lib/gcc/pic32c/13.2.1/../../../../pic32c/lib/thumb/v6-m/nofp/libpic32c.a(data_init.o)
 .xc_stack_usage
                0x00000000       0x34 /opt/microchip/xc32/v5.00/bin/bin/../../lib/gcc/pic32c/13.2.1/../../../../pic32c/lib/thumb/v6-m/nofp/libg-musl.a(__libc_start_main.o)
 .xc_stack_usage.hdr
                0x00000000        0xe /opt/microchip/xc32/v5.00/bin/bin/../../lib/gcc/pic32c/13.2.1/../../../../pic32c/lib/thumb/v6-m/nofp/libg-musl.a(__libc_start_main.o)
 .xc_stack_usage.hdr
                0x00000000        0xe /opt/microchip/xc32/v5.00/bin/bin/../../lib/gcc/pic32c/13.2.1/../../../../pic32c/lib/thumb/v6-m/nofp/libg-musl.a(libc.o)
 .xc_stack_usage.hdr
                0x00000000        0xe /opt/microchip/xc32/v5.00/bin/bin/../../lib/gcc/pic32c/13.2.1/../../../../pic32c/lib/thumb/v6-m/nofp/libg-musl.a(__environ.o)
 .xc_stack_usage.hdr
                0x00000000        0xe /opt/microchip/xc32/v5.00/bin/bin/../../lib/gcc/pic32c/13.2.1/thumb/v6-m/nofp/crtend.o
 .xc_stack_usage.hdr
                0x00000000        0xe /opt/microchip/xc32/v5.00/bin/bin/../../lib/gcc/pic32c/13.2.1/thumb/v6-m/nofp/crtn.o
 .xc_stack_usage
                0x00000000       0x1b /opt/microchip/xc32/v5.00/bin/bin/../../lib/gcc/pic32c/13.2.1/../../../../pic32c/lib/thumb/v6-m/nofp/libpic32c.a(pic32_data_init_clear.o)
 .xc_stack_usage.hdr
                0x00000000        0xe /opt/microchip/xc32/v5.00/bin/bin/../../lib/gcc/pic32c/13.2.1/../../../../pic32c/lib/thumb/v6-m/nofp/libpic32c.a(pic32_data_init_clear.o)
 .xc_stack_usage
                0x00000000       0x1a /opt/microchip/xc32/v5.00/bin/bin/../../lib/gcc/pic32c/13.2.1/../../../../pic32c/lib/thumb/v6-m/nofp/libpic32c.a(pic32_data_init_copy.o)
 .xc_stack_usage.hdr
                0x00000000        0xe /opt/microchip/xc32/v5.00/bin/bin/../../lib/gcc/pic32c/13.2.1/../../../../pic32c/lib/thumb/v6-m/nofp/libpic32c.a(pic32_data_init_copy.o)

Memory Configuration

Name             Origin             Length             Attributes
rom              0x00000000         0x00020000         xrl
ram              0x20000000         0x00004000         xw!r
config_D0804000  0xd0804000         0x00000004
config_D0806020  0xd0806020         0x00000004
config_D0804004  0xd0804004         0x00000004
config_D0806034  0xd0806034         0x00000004
config_D0806030  0xd0806030         0x00000004
*default*        0x00000000         0xffffffff

Linker script and memory map

LOAD /opt/microchip/xc32/v5.00/bin/bin/../../lib/gcc/pic32c/13.2.1/thumb/v6-m/nofp/crti.o
LOAD /opt/microchip/xc32/v5.00/bin/bin/../../lib/gcc/pic32c/13.2.1/thumb/v6-m/nofp/crtbegin.o
                0x00000001                        __MPLAB_BUILD = 0x1
LOAD CMakeFiles/GardenBot_default_default_XC32_compile.dir/home/greg/Documents/Projects/GardenBot/configuration.c.o
LOAD CMakeFiles/GardenBot_default_default_XC32_compile.dir/home/greg/Documents/Projects/GardenBot/main.c.o
LOAD CMakeFiles/GardenBot_default_default_XC32_compile.dir/home/greg/Documents/Projects/GardenBot/utilities.c.o
LOAD /tmp/ccqyIZAU.o
START GROUP
LOAD /opt/microchip/xc32/v5.00/bin/bin/../../lib/gcc/pic32c/13.2.1/../../../../pic32c/lib/thumb/v6-m/nofp/libpic32c.a
LOAD /opt/microchip/xc32/v5.00/bin/bin/../../lib/gcc/pic32c/13.2.1/../../../../pic32c/lib/thumb/v6-m/nofp/libc-size-musl.a
LOAD /opt/microchip/xc32/v5.00/bin/bin/../../lib/gcc/pic32c/13.2.1/../../../../pic32c/lib/thumb/v6-m/nofp/liblmalloc-musl.a
LOAD /opt/microchip/xc32/v5.00/bin/bin/../../lib/gcc/pic32c/13.2.1/../../../../pic32c/lib/thumb/v6-m/nofp/libg-musl.a
LOAD /opt/microchip/xc32/v5.00/bin/bin/../../lib/gcc/pic32c/13.2.1/../../../../pic32c/lib/thumb/v6-m/nofp/libc-musl.a
LOAD /opt/microchip/xc32/v5.00/bin/bin/../../lib/gcc/pic32c/13.2.1/../../../../pic32c/lib/thumb/v6-m/nofp/libm-fast-emfloat.a
LOAD /opt/microchip/xc32/v5.00/bin/bin/../../lib/gcc/pic32c/13.2.1/../../../../pic32c/lib/thumb/v6-m/nofp/libm-musl.a
END GROUP
LOAD /opt/microchip/xc32/v5.00/bin/bin/../../lib/gcc/pic32c/13.2.1/thumb/v6-m/nofp/libgcc.a
LOAD /opt/microchip/xc32/v5.00/bin/bin/../../lib/gcc/pic32c/13.2.1/thumb/v6-m/nofp/crtend.o
LOAD /opt/microchip/xc32/v5.00/bin/bin/../../lib/gcc/pic32c/13.2.1/thumb/v6-m/nofp/crtn.o
                0x00020000                        __rom_end = (ORIGIN (rom) + LENGTH (rom))
                0x20004000                        __ram_end = (ORIGIN (ram) + LENGTH (ram))

.config_D0804000
 *(.config_D0804000)

.config_D0806020
 *(.config_D0806020)

.config_D0804004
 *(.config_D0804004)

.config_D0806034
 *(.config_D0806034)

.config_D0806030
 *(.config_D0806030)

.vectors        0x00000000       0xac
                0x00000000                        . = ALIGN (0x4)
                0x00000000                        _sfixed = .
 *(.vectors .vectors.* .vectors_default .vectors_default.*)
 .vectors.default
                0x00000000       0xac /tmp/ccqyIZAU.o
                0x00000000                exception_table
 *(.isr_vector)
 *(.reset*)
 *(.after_vectors)

.text           0x000000ac       0x20
                0x000000ac                        . = ALIGN (0x4)
 *(.glue_7t)
 .glue_7t       0x000000ac        0x0 linker stubs
 *(.glue_7)
 .glue_7        0x000000ac        0x0 linker stubs
 *(.gnu.linkonce.r.*)
 *(.ARM.extab* .gnu.linkonce.armextab.*)
                0x000000ac                        . = ALIGN (0x4)
 *(.init)
 .init          0x000000ac        0x4 /opt/microchip/xc32/v5.00/bin/bin/../../lib/gcc/pic32c/13.2.1/thumb/v6-m/nofp/crti.o
                0x000000ac                _init
 .init          0x000000b0        0x8 /opt/microchip/xc32/v5.00/bin/bin/../../lib/gcc/pic32c/13.2.1/thumb/v6-m/nofp/crtn.o
                0x000000b8                        . = ALIGN (0x4)
                0x000000b8                        __preinit_array_start = .
 *(.preinit_array)
                0x000000b8                        __preinit_array_end = .
                0x000000b8                        . = ALIGN (0x4)
                0x000000b8                        __init_array_start = .
 *(SORT_BY_NAME(.init_array.*))
 *(.init_array)
 .init_array    0x000000b8        0x4 /opt/microchip/xc32/v5.00/bin/bin/../../lib/gcc/pic32c/13.2.1/thumb/v6-m/nofp/crtbegin.o
                0x000000bc                        __init_array_end = .
                0x000000bc                        . = ALIGN (0x4)
 *crtbegin.o(.ctors)
 *(EXCLUDE_FILE(*crtend.o) .ctors)
 *(SORT_BY_NAME(.ctors.*))
 *crtend.o(.ctors)
                0x000000bc                        . = ALIGN (0x4)
 *(.fini)
 .fini          0x000000bc        0x4 /opt/microchip/xc32/v5.00/bin/bin/../../lib/gcc/pic32c/13.2.1/thumb/v6-m/nofp/crti.o
                0x000000bc                _fini
 .fini          0x000000c0        0x8 /opt/microchip/xc32/v5.00/bin/bin/../../lib/gcc/pic32c/13.2.1/thumb/v6-m/nofp/crtn.o
                0x000000c8                        . = ALIGN (0x4)
                0x000000c8                        __fini_array_start = .
 *(.fini_array)
 .fini_array    0x000000c8        0x4 /opt/microchip/xc32/v5.00/bin/bin/../../lib/gcc/pic32c/13.2.1/thumb/v6-m/nofp/crtbegin.o
 *(SORT_BY_NAME(.fini_array.*))
                0x000000cc                        __fini_array_end = .
 *crtbegin.o(.dtors)
 *(EXCLUDE_FILE(*crtend.o) .dtors)
 *(SORT_BY_NAME(.dtors.*))
 *crtend.o(.dtors)
                0x000000cc                        . = ALIGN (0x4)
                0x000000cc                        _efixed = .
                [!provide]                        PROVIDE (__exidx_start = .)

.ARM.exidx
 *(.ARM.exidx* .gnu.linkonce.armexidx.*)
                [!provide]                        PROVIDE (__exidx_end = .)
                0x000000cc                        . = ALIGN (0x4)
                0x000000cc                        _etext = .

.bss            0x20000000        0x0
                0x20000000                        . = ALIGN (0x4)
                0x20000000                        __bss_start__ = .
                0x20000000                        _sbss = .
                0x20000000                        _szero = .
 *(COMMON)
                0x20000000                        . = ALIGN (0x4)
                0x20000000                        __bss_end__ = .
                0x20000000                        _ebss = .
                0x20000000                        _ezero = .
                0x20000000                        . = ALIGN (0x4)
                0x20000000                        _end = .
                0x20003fff                        _ram_end_ = ((ORIGIN (ram) + LENGTH (ram)) - 0x1)
OUTPUT(/home/greg/Documents/Projects/GardenBot/out/GardenBot/default.elf elf32-littlearm)
LOAD linker stubs
LOAD data_init

.note           0x00000000      0x1b0
 .note          0x00000000       0x18 /opt/microchip/xc32/v5.00/bin/bin/../../lib/gcc/pic32c/13.2.1/thumb/v6-m/nofp/crti.o
 .note          0x00000018       0x18 /opt/microchip/xc32/v5.00/bin/bin/../../lib/gcc/pic32c/13.2.1/thumb/v6-m/nofp/crtbegin.o
 .note          0x00000030       0x78 CMakeFiles/GardenBot_default_default_XC32_compile.dir/home/greg/Documents/Projects/GardenBot/configuration.c.o
 .note          0x000000a8       0x18 CMakeFiles/GardenBot_default_default_XC32_compile.dir/home/greg/Documents/Projects/GardenBot/main.c.o
 .note          0x000000c0       0x18 CMakeFiles/GardenBot_default_default_XC32_compile.dir/home/greg/Documents/Projects/GardenBot/utilities.c.o
 .note          0x000000d8       0x18 /tmp/ccqyIZAU.o
 .note          0x000000f0       0x18 /opt/microchip/xc32/v5.00/bin/bin/../../lib/gcc/pic32c/13.2.1/../../../../pic32c/lib/thumb/v6-m/nofp/libpic32c.a(data_init.o)
 .note          0x00000108       0x18 /opt/microchip/xc32/v5.00/bin/bin/../../lib/gcc/pic32c/13.2.1/../../../../pic32c/lib/thumb/v6-m/nofp/libg-musl.a(__libc_start_main.o)
 .note          0x00000120       0x18 /opt/microchip/xc32/v5.00/bin/bin/../../lib/gcc/pic32c/13.2.1/../../../../pic32c/lib/thumb/v6-m/nofp/libg-musl.a(libc.o)
 .note          0x00000138       0x18 /opt/microchip/xc32/v5.00/bin/bin/../../lib/gcc/pic32c/13.2.1/../../../../pic32c/lib/thumb/v6-m/nofp/libg-musl.a(__environ.o)
 .note          0x00000150       0x18 /opt/microchip/xc32/v5.00/bin/bin/../../lib/gcc/pic32c/13.2.1/thumb/v6-m/nofp/crtend.o
 .note          0x00000168       0x18 /opt/microchip/xc32/v5.00/bin/bin/../../lib/gcc/pic32c/13.2.1/thumb/v6-m/nofp/crtn.o
 .note          0x00000180       0x18 /opt/microchip/xc32/v5.00/bin/bin/../../lib/gcc/pic32c/13.2.1/../../../../pic32c/lib/thumb/v6-m/nofp/libpic32c.a(pic32_data_init_clear.o)
 .note          0x00000198       0x18 /opt/microchip/xc32/v5.00/bin/bin/../../lib/gcc/pic32c/13.2.1/../../../../pic32c/lib/thumb/v6-m/nofp/libpic32c.a(pic32_data_init_copy.o)

.ARM.attributes
                0x00000000       0x2c
 .ARM.attributes
                0x00000000       0x1e /opt/microchip/xc32/v5.00/bin/bin/../../lib/gcc/pic32c/13.2.1/thumb/v6-m/nofp/crti.o
 .ARM.attributes
                0x0000001e       0x2c /opt/microchip/xc32/v5.00/bin/bin/../../lib/gcc/pic32c/13.2.1/thumb/v6-m/nofp/crtbegin.o
 .ARM.attributes
                0x0000004a       0x2c CMakeFiles/GardenBot_default_default_XC32_compile.dir/home/greg/Documents/Projects/GardenBot/configuration.c.o
 .ARM.attributes
                0x00000076       0x2c CMakeFiles/GardenBot_default_default_XC32_compile.dir/home/greg/Documents/Projects/GardenBot/main.c.o
 .ARM.attributes
                0x000000a2       0x2c CMakeFiles/GardenBot_default_default_XC32_compile.dir/home/greg/Documents/Projects/GardenBot/utilities.c.o
 .ARM.attributes
                0x000000ce       0x2c /tmp/ccqyIZAU.o
 .ARM.attributes
                0x000000fa       0x2c /opt/microchip/xc32/v5.00/bin/bin/../../lib/gcc/pic32c/13.2.1/../../../../pic32c/lib/thumb/v6-m/nofp/libpic32c.a(data_init.o)
 .ARM.attributes
                0x00000126       0x2e /opt/microchip/xc32/v5.00/bin/bin/../../lib/gcc/pic32c/13.2.1/../../../../pic32c/lib/thumb/v6-m/nofp/libg-musl.a(__libc_start_main.o)
 .ARM.attributes
                0x00000154       0x2e /opt/microchip/xc32/v5.00/bin/bin/../../lib/gcc/pic32c/13.2.1/../../../../pic32c/lib/thumb/v6-m/nofp/libg-musl.a(libc.o)
 .ARM.attributes
                0x00000182       0x2e /opt/microchip/xc32/v5.00/bin/bin/../../lib/gcc/pic32c/13.2.1/../../../../pic32c/lib/thumb/v6-m/nofp/libg-musl.a(__environ.o)
 .ARM.attributes
                0x000001b0       0x2c /opt/microchip/xc32/v5.00/bin/bin/../../lib/gcc/pic32c/13.2.1/thumb/v6-m/nofp/crtend.o
 .ARM.attributes
                0x000001dc       0x1e /opt/microchip/xc32/v5.00/bin/bin/../../lib/gcc/pic32c/13.2.1/thumb/v6-m/nofp/crtn.o
 .ARM.attributes
                0x000001fa       0x2c /opt/microchip/xc32/v5.00/bin/bin/../../lib/gcc/pic32c/13.2.1/../../../../pic32c/lib/thumb/v6-m/nofp/libpic32c.a(pic32_data_init_clear.o)
 .ARM.attributes
                0x00000226       0x2c /opt/microchip/xc32/v5.00/bin/bin/../../lib/gcc/pic32c/13.2.1/../../../../pic32c/lib/thumb/v6-m/nofp/libpic32c.a(pic32_data_init_copy.o)

.comment        0x00000000       0x35
 .comment       0x00000000       0x35 /opt/microchip/xc32/v5.00/bin/bin/../../lib/gcc/pic32c/13.2.1/thumb/v6-m/nofp/crtbegin.o
                                 0x36 (size before relaxing)
 .comment       0x00000035       0x36 CMakeFiles/GardenBot_default_default_XC32_compile.dir/home/greg/Documents/Projects/GardenBot/configuration.c.o
 .comment       0x00000035       0x36 CMakeFiles/GardenBot_default_default_XC32_compile.dir/home/greg/Documents/Projects/GardenBot/main.c.o
 .comment       0x00000035       0x36 CMakeFiles/GardenBot_default_default_XC32_compile.dir/home/greg/Documents/Projects/GardenBot/utilities.c.o
 .comment       0x00000035       0x36 /tmp/ccqyIZAU.o
 .comment       0x00000035       0x36 /opt/microchip/xc32/v5.00/bin/bin/../../lib/gcc/pic32c/13.2.1/../../../../pic32c/lib/thumb/v6-m/nofp/libpic32c.a(data_init.o)
 .comment       0x00000035       0x36 /opt/microchip/xc32/v5.00/bin/bin/../../lib/gcc/pic32c/13.2.1/../../../../pic32c/lib/thumb/v6-m/nofp/libg-musl.a(__libc_start_main.o)
 .comment       0x00000035       0x36 /opt/microchip/xc32/v5.00/bin/bin/../../lib/gcc/pic32c/13.2.1/../../../../pic32c/lib/thumb/v6-m/nofp/libg-musl.a(libc.o)
 .comment       0x00000035       0x36 /opt/microchip/xc32/v5.00/bin/bin/../../lib/gcc/pic32c/13.2.1/../../../../pic32c/lib/thumb/v6-m/nofp/libg-musl.a(__environ.o)
 .comment       0x00000035       0x36 /opt/microchip/xc32/v5.00/bin/bin/../../lib/gcc/pic32c/13.2.1/thumb/v6-m/nofp/crtend.o
 .comment       0x00000035       0x36 /opt/microchip/xc32/v5.00/bin/bin/../../lib/gcc/pic32c/13.2.1/../../../../pic32c/lib/thumb/v6-m/nofp/libpic32c.a(pic32_data_init_clear.o)
 .comment       0x00000035       0x36 /opt/microchip/xc32/v5.00/bin/bin/../../lib/gcc/pic32c/13.2.1/../../../../pic32c/lib/thumb/v6-m/nofp/libpic32c.a(pic32_data_init_copy.o)

.debug_info     0x00000000     0x196b
 .debug_info    0x00000000      0x6b1 CMakeFiles/GardenBot_default_default_XC32_compile.dir/home/greg/Documents/Projects/GardenBot/configuration.c.o
 .debug_info    0x000006b1       0xca CMakeFiles/GardenBot_default_default_XC32_compile.dir/home/greg/Documents/Projects/GardenBot/main.c.o
 .debug_info    0x0000077b      0x28d CMakeFiles/GardenBot_default_default_XC32_compile.dir/home/greg/Documents/Projects/GardenBot/utilities.c.o
 .debug_info    0x00000a08      0x506 /tmp/ccqyIZAU.o
 .debug_info    0x00000f0e      0x212 /opt/microchip/xc32/v5.00/bin/bin/../../lib/gcc/pic32c/13.2.1/../../../../pic32c/lib/thumb/v6-m/nofp/libpic32c.a(data_init.o)
 .debug_info    0x00001120      0x2fb /opt/microchip/xc32/v5.00/bin/bin/../../lib/gcc/pic32c/13.2.1/../../../../pic32c/lib/thumb/v6-m/nofp/libg-musl.a(__libc_start_main.o)
 .debug_info    0x0000141b      0x276 /opt/microchip/xc32/v5.00/bin/bin/../../lib/gcc/pic32c/13.2.1/../../../../pic32c/lib/thumb/v6-m/nofp/libg-musl.a(libc.o)
 .debug_info    0x00001691       0x97 /opt/microchip/xc32/v5.00/bin/bin/../../lib/gcc/pic32c/13.2.1/../../../../pic32c/lib/thumb/v6-m/nofp/libg-musl.a(__environ.o)
 .debug_info    0x00001728      0x117 /opt/microchip/xc32/v5.00/bin/bin/../../lib/gcc/pic32c/13.2.1/../../../../pic32c/lib/thumb/v6-m/nofp/libpic32c.a(pic32_data_init_clear.o)
 .debug_info    0x0000183f      0x12c /opt/microchip/xc32/v5.00/bin/bin/../../lib/gcc/pic32c/13.2.1/../../../../pic32c/lib/thumb/v6-m/nofp/libpic32c.a(pic32_data_init_copy.o)

.debug_abbrev   0x00000000      0x8e5
 .debug_abbrev  0x00000000       0xf8 CMakeFiles/GardenBot_default_default_XC32_compile.dir/home/greg/Documents/Projects/GardenBot/configuration.c.o
 .debug_abbrev  0x000000f8       0x9a CMakeFiles/GardenBot_default_default_XC32_compile.dir/home/greg/Documents/Projects/GardenBot/main.c.o
 .debug_abbrev  0x00000192       0xcb CMakeFiles/GardenBot_default_default_XC32_compile.dir/home/greg/Documents/Projects/GardenBot/utilities.c.o
 .debug_abbrev  0x0000025d      0x16b /tmp/ccqyIZAU.o
 .debug_abbrev  0x000003c8      0x156 /opt/microchip/xc32/v5.00/bin/bin/../../lib/gcc/pic32c/13.2.1/../../../../pic32c/lib/thumb/v6-m/nofp/libpic32c.a(data_init.o)
 .debug_abbrev  0x0000051e      0x133 /opt/microchip/xc32/v5.00/bin/bin/../../lib/gcc/pic32c/13.2.1/../../../../pic32c/lib/thumb/v6-m/nofp/libg-musl.a(__libc_start_main.o)
 .debug_abbrev  0x00000651       0xd4 /opt/microchip/xc32/v5.00/bin/bin/../../lib/gcc/pic32c/13.2.1/../../../../pic32c/lib/thumb/v6-m/nofp/libg-musl.a(libc.o)
 .debug_abbrev  0x00000725       0x62 /opt/microchip/xc32/v5.00/bin/bin/../../lib/gcc/pic32c/13.2.1/../../../../pic32c/lib/thumb/v6-m/nofp/libg-musl.a(__environ.o)
 .debug_abbrev  0x00000787       0xa5 /opt/microchip/xc32/v5.00/bin/bin/../../lib/gcc/pic32c/13.2.1/../../../../pic32c/lib/thumb/v6-m/nofp/libpic32c.a(pic32_data_init_clear.o)
 .debug_abbrev  0x0000082c       0xb9 /opt/microchip/xc32/v5.00/bin/bin/../../lib/gcc/pic32c/13.2.1/../../../../pic32c/lib/thumb/v6-m/nofp/libpic32c.a(pic32_data_init_copy.o)

.debug_loc      0x00000000      0x5a3
 .debug_loc     0x00000000       0xbc CMakeFiles/GardenBot_default_default_XC32_compile.dir/home/greg/Documents/Projects/GardenBot/configuration.c.o
 .debug_loc     0x000000bc       0x2c CMakeFiles/GardenBot_default_default_XC32_compile.dir/home/greg/Documents/Projects/GardenBot/main.c.o
 .debug_loc     0x000000e8       0xbc CMakeFiles/GardenBot_default_default_XC32_compile.dir/home/greg/Documents/Projects/GardenBot/utilities.c.o
 .debug_loc     0x000001a4      0x113 /opt/microchip/xc32/v5.00/bin/bin/../../lib/gcc/pic32c/13.2.1/../../../../pic32c/lib/thumb/v6-m/nofp/libpic32c.a(data_init.o)
 .debug_loc     0x000002b7       0x5e /opt/microchip/xc32/v5.00/bin/bin/../../lib/gcc/pic32c/13.2.1/../../../../pic32c/lib/thumb/v6-m/nofp/libg-musl.a(__libc_start_main.o)
 .debug_loc     0x00000315       0xf7 /opt/microchip/xc32/v5.00/bin/bin/../../lib/gcc/pic32c/13.2.1/../../../../pic32c/lib/thumb/v6-m/nofp/libpic32c.a(pic32_data_init_clear.o)
 .debug_loc     0x0000040c      0x197 /opt/microchip/xc32/v5.00/bin/bin/../../lib/gcc/pic32c/13.2.1/../../../../pic32c/lib/thumb/v6-m/nofp/libpic32c.a(pic32_data_init_copy.o)

.debug_aranges  0x00000000      0x150
 .debug_aranges
                0x00000000       0x20 CMakeFiles/GardenBot_default_default_XC32_compile.dir/home/greg/Documents/Projects/GardenBot/configuration.c.o
 .debug_aranges
                0x00000020       0x20 CMakeFiles/GardenBot_default_default_XC32_compile.dir/home/greg/Documents/Projects/GardenBot/main.c.o
 .debug_aranges
                0x00000040       0x20 CMakeFiles/GardenBot_default_default_XC32_compile.dir/home/greg/Documents/Projects/GardenBot/utilities.c.o
 .debug_aranges
                0x00000060       0x28 /tmp/ccqyIZAU.o
 .debug_aranges
                0x00000088       0x30 /opt/microchip/xc32/v5.00/bin/bin/../../lib/gcc/pic32c/13.2.1/../../../../pic32c/lib/thumb/v6-m/nofp/libpic32c.a(data_init.o)
 .debug_aranges
                0x000000b8       0x28 /opt/microchip/xc32/v5.00/bin/bin/../../lib/gcc/pic32c/13.2.1/../../../../pic32c/lib/thumb/v6-m/nofp/libg-musl.a(__libc_start_main.o)
 .debug_aranges
                0x000000e0       0x18 /opt/microchip/xc32/v5.00/bin/bin/../../lib/gcc/pic32c/13.2.1/../../../../pic32c/lib/thumb/v6-m/nofp/libg-musl.a(libc.o)
 .debug_aranges
                0x000000f8       0x18 /opt/microchip/xc32/v5.00/bin/bin/../../lib/gcc/pic32c/13.2.1/../../../../pic32c/lib/thumb/v6-m/nofp/libg-musl.a(__environ.o)
 .debug_aranges
                0x00000110       0x20 /opt/microchip/xc32/v5.00/bin/bin/../../lib/gcc/pic32c/13.2.1/../../../../pic32c/lib/thumb/v6-m/nofp/libpic32c.a(pic32_data_init_clear.o)
 .debug_aranges
                0x00000130       0x20 /opt/microchip/xc32/v5.00/bin/bin/../../lib/gcc/pic32c/13.2.1/../../../../pic32c/lib/thumb/v6-m/nofp/libpic32c.a(pic32_data_init_copy.o)

.debug_line     0x00000000      0xd5f
 .debug_line    0x00000000      0x1de CMakeFiles/GardenBot_default_default_XC32_compile.dir/home/greg/Documents/Projects/GardenBot/configuration.c.o
 .debug_line    0x000001de       0xcf CMakeFiles/GardenBot_default_default_XC32_compile.dir/home/greg/Documents/Projects/GardenBot/main.c.o
 .debug_line    0x000002ad      0x138 CMakeFiles/GardenBot_default_default_XC32_compile.dir/home/greg/Documents/Projects/GardenBot/utilities.c.o
 .debug_line    0x000003e5      0x246 /tmp/ccqyIZAU.o
 .debug_line    0x0000062b      0x165 /opt/microchip/xc32/v5.00/bin/bin/../../lib/gcc/pic32c/13.2.1/../../../../pic32c/lib/thumb/v6-m/nofp/libpic32c.a(data_init.o)
 .debug_line    0x00000790      0x1cb /opt/microchip/xc32/v5.00/bin/bin/../../lib/gcc/pic32c/13.2.1/../../../../pic32c/lib/thumb/v6-m/nofp/libg-musl.a(__libc_start_main.o)
 .debug_line    0x0000095b       0xb5 /opt/microchip/xc32/v5.00/bin/bin/../../lib/gcc/pic32c/13.2.1/../../../../pic32c/lib/thumb/v6-m/nofp/libg-musl.a(libc.o)
 .debug_line    0x00000a10       0xfb /opt/microchip/xc32/v5.00/bin/bin/../../lib/gcc/pic32c/13.2.1/../../../../pic32c/lib/thumb/v6-m/nofp/libg-musl.a(__environ.o)
 .debug_line    0x00000b0b      0x11e /opt/microchip/xc32/v5.00/bin/bin/../../lib/gcc/pic32c/13.2.1/../../../../pic32c/lib/thumb/v6-m/nofp/libpic32c.a(pic32_data_init_clear.o)
 .debug_line    0x00000c29      0x136 /opt/microchip/xc32/v5.00/bin/bin/../../lib/gcc/pic32c/13.2.1/../../../../pic32c/lib/thumb/v6-m/nofp/libpic32c.a(pic32_data_init_copy.o)

.debug_str      0x00000000     0x1331
 .debug_str     0x00000000     0x1331 CMakeFiles/GardenBot_default_default_XC32_compile.dir/home/greg/Documents/Projects/GardenBot/configuration.c.o
                                0x628 (size before relaxing)
 .debug_str     0x00001331      0x2a4 CMakeFiles/GardenBot_default_default_XC32_compile.dir/home/greg/Documents/Projects/GardenBot/main.c.o
 .debug_str     0x00001331      0x389 CMakeFiles/GardenBot_default_default_XC32_compile.dir/home/greg/Documents/Projects/GardenBot/utilities.c.o
 .debug_str     0x00001331      0x6a6 /tmp/ccqyIZAU.o
 .debug_str     0x00001331      0x2ef /opt/microchip/xc32/v5.00/bin/bin/../../lib/gcc/pic32c/13.2.1/../../../../pic32c/lib/thumb/v6-m/nofp/libpic32c.a(data_init.o)
 .debug_str     0x00001331      0x3dd /opt/microchip/xc32/v5.00/bin/bin/../../lib/gcc/pic32c/13.2.1/../../../../pic32c/lib/thumb/v6-m/nofp/libg-musl.a(__libc_start_main.o)
 .debug_str     0x00001331      0x348 /opt/microchip/xc32/v5.00/bin/bin/../../lib/gcc/pic32c/13.2.1/../../../../pic32c/lib/thumb/v6-m/nofp/libg-musl.a(libc.o)
 .debug_str     0x00001331      0x248 /opt/microchip/xc32/v5.00/bin/bin/../../lib/gcc/pic32c/13.2.1/../../../../pic32c/lib/thumb/v6-m/nofp/libg-musl.a(__environ.o)
 .debug_str     0x00001331      0x280 /opt/microchip/xc32/v5.00/bin/bin/../../lib/gcc/pic32c/13.2.1/../../../../pic32c/lib/thumb/v6-m/nofp/libpic32c.a(pic32_data_init_clear.o)
 .debug_str     0x00001331      0x287 /opt/microchip/xc32/v5.00/bin/bin/../../lib/gcc/pic32c/13.2.1/../../../../pic32c/lib/thumb/v6-m/nofp/libpic32c.a(pic32_data_init_copy.o)

.debug_frame    0x00000000      0x22c
 .debug_frame   0x00000000       0x84 CMakeFiles/GardenBot_default_default_XC32_compile.dir/home/greg/Documents/Projects/GardenBot/configuration.c.o
 .debug_frame   0x00000084       0x2c CMakeFiles/GardenBot_default_default_XC32_compile.dir/home/greg/Documents/Projects/GardenBot/main.c.o
 .debug_frame   0x000000b0       0x84 CMakeFiles/GardenBot_default_default_XC32_compile.dir/home/greg/Documents/Projects/GardenBot/utilities.c.o
 .debug_frame   0x00000134       0x30 /tmp/ccqyIZAU.o
 .debug_frame   0x00000164       0x48 /opt/microchip/xc32/v5.00/bin/bin/../../lib/gcc/pic32c/13.2.1/../../../../pic32c/lib/thumb/v6-m/nofp/libpic32c.a(data_init.o)
 .debug_frame   0x000001ac       0x38 /opt/microchip/xc32/v5.00/bin/bin/../../lib/gcc/pic32c/13.2.1/../../../../pic32c/lib/thumb/v6-m/nofp/libg-musl.a(__libc_start_main.o)
 .debug_frame   0x000001e4       0x20 /opt/microchip/xc32/v5.00/bin/bin/../../lib/gcc/pic32c/13.2.1/../../../../pic32c/lib/thumb/v6-m/nofp/libpic32c.a(pic32_data_init_clear.o)
 .debug_frame   0x00000204       0x28 /opt/microchip/xc32/v5.00/bin/bin/../../lib/gcc/pic32c/13.2.1/../../../../pic32c/lib/thumb/v6-m/nofp/libpic32c.a(pic32_data_init_copy.o)

.debug_ranges   0x00000000       0x88
 .debug_ranges  0x00000000       0x18 /tmp/ccqyIZAU.o
 .debug_ranges  0x00000018       0x20 /opt/microchip/xc32/v5.00/bin/bin/../../lib/gcc/pic32c/13.2.1/../../../../pic32c/lib/thumb/v6-m/nofp/libpic32c.a(data_init.o)
 .debug_ranges  0x00000038       0x30 /opt/microchip/xc32/v5.00/bin/bin/../../lib/gcc/pic32c/13.2.1/../../../../pic32c/lib/thumb/v6-m/nofp/libg-musl.a(__libc_start_main.o)
 .debug_ranges  0x00000068       0x10 /opt/microchip/xc32/v5.00/bin/bin/../../lib/gcc/pic32c/13.2.1/../../../../pic32c/lib/thumb/v6-m/nofp/libpic32c.a(pic32_data_init_clear.o)
 .debug_ranges  0x00000078       0x10 /opt/microchip/xc32/v5.00/bin/bin/../../lib/gcc/pic32c/13.2.1/../../../../pic32c/lib/thumb/v6-m/nofp/libpic32c.a(pic32_data_init_copy.o)

.note.GNU-stack
                0x00000000        0x0
 .note.GNU-stack
                0x00000000        0x0 /opt/microchip/xc32/v5.00/bin/bin/../../lib/gcc/pic32c/13.2.1/../../../../pic32c/lib/thumb/v6-m/nofp/libg-musl.a(__libc_start_main.o)
 .note.GNU-stack
                0x00000000        0x0 /opt/microchip/xc32/v5.00/bin/bin/../../lib/gcc/pic32c/13.2.1/../../../../pic32c/lib/thumb/v6-m/nofp/libg-musl.a(libc.o)
 .note.GNU-stack
                0x00000000        0x0 /opt/microchip/xc32/v5.00/bin/bin/../../lib/gcc/pic32c/13.2.1/../../../../pic32c/lib/thumb/v6-m/nofp/libg-musl.a(__environ.o)

.vfp11_veneer%z1

.v4_bx%z2

.iplt%z3

.rel.iplt%z4

.igot.plt%z5

.bss%1          0x20000000       0x50
 .bss           0x20000000       0x50 /opt/microchip/xc32/v5.00/bin/bin/../../lib/gcc/pic32c/13.2.1/../../../../pic32c/lib/thumb/v6-m/nofp/libg-musl.a(libc.o)
                0x20000000                program_invocation_name
                0x20000000                __progname_full
                0x20000004                __progname
                0x20000004                program_invocation_short_name
                0x20000008                __sysinfo
                0x2000000c                __hwcap
                0x20000010                __libc

.bss%2          0x20000050       0x1c
 .bss           0x20000050       0x1c /opt/microchip/xc32/v5.00/bin/bin/../../lib/gcc/pic32c/13.2.1/thumb/v6-m/nofp/crtbegin.o

.bss%3          0x2000006c        0x4
 .bss           0x2000006c        0x4 /opt/microchip/xc32/v5.00/bin/bin/../../lib/gcc/pic32c/13.2.1/../../../../pic32c/lib/thumb/v6-m/nofp/libpic32c.a(data_init.o)

.bss%4          0x20000070        0x4
 .bss           0x20000070        0x4 /opt/microchip/xc32/v5.00/bin/bin/../../lib/gcc/pic32c/13.2.1/../../../../pic32c/lib/thumb/v6-m/nofp/libg-musl.a(__environ.o)
                0x20000070                _environ
                0x20000070                __environ
                0x20000070                environ
                0x20000070                ___environ

.bss%z6         0x00000000        0x0
 .bss           0x00000000        0x0 /opt/microchip/xc32/v5.00/bin/bin/../../lib/gcc/pic32c/13.2.1/../../../../pic32c/lib/thumb/v6-m/nofp/libpic32c.a(pic32_data_init_copy.o)

.bss%z7         0x00000000        0x0
 .bss           0x00000000        0x0 /opt/microchip/xc32/v5.00/bin/bin/../../lib/gcc/pic32c/13.2.1/../../../../pic32c/lib/thumb/v6-m/nofp/libpic32c.a(pic32_data_init_clear.o)

.bss%z8         0x00000000        0x0
 .bss           0x00000000        0x0 /opt/microchip/xc32/v5.00/bin/bin/../../lib/gcc/pic32c/13.2.1/thumb/v6-m/nofp/crtn.o

.bss%z9         0x00000000        0x0
 .bss           0x00000000        0x0 /opt/microchip/xc32/v5.00/bin/bin/../../lib/gcc/pic32c/13.2.1/thumb/v6-m/nofp/crtend.o

.bss%z10        0x00000000        0x0
 .bss           0x00000000        0x0 /opt/microchip/xc32/v5.00/bin/bin/../../lib/gcc/pic32c/13.2.1/../../../../pic32c/lib/thumb/v6-m/nofp/libg-musl.a(__libc_start_main.o)

.bss%z11        0x00000000        0x0
 .bss           0x00000000        0x0 /tmp/ccqyIZAU.o

.bss%z12        0x00000000        0x0
 .bss           0x00000000        0x0 CMakeFiles/GardenBot_default_default_XC32_compile.dir/home/greg/Documents/Projects/GardenBot/utilities.c.o

.bss%z13        0x00000000        0x0
 .bss           0x00000000        0x0 CMakeFiles/GardenBot_default_default_XC32_compile.dir/home/greg/Documents/Projects/GardenBot/main.c.o

.bss%z14        0x00000000        0x0
 .bss           0x00000000        0x0 CMakeFiles/GardenBot_default_default_XC32_compile.dir/home/greg/Documents/Projects/GardenBot/configuration.c.o

.bss%z15        0x00000000        0x0
 .bss           0x00000000        0x0 /opt/microchip/xc32/v5.00/bin/bin/../../lib/gcc/pic32c/13.2.1/thumb/v6-m/nofp/crti.o

.data%5         0x20000074        0x4
 .data          0x20000074        0x4 /opt/microchip/xc32/v5.00/bin/bin/../../lib/gcc/pic32c/13.2.1/thumb/v6-m/nofp/crtbegin.o
                0x20000074                __dso_handle

.eh_frame%6     0x20000078        0x4
 .eh_frame      0x20000078        0x4 /opt/microchip/xc32/v5.00/bin/bin/../../lib/gcc/pic32c/13.2.1/thumb/v6-m/nofp/crtend.o

.data%z16       0x00000000        0x0
 .data          0x00000000        0x0 /opt/microchip/xc32/v5.00/bin/bin/../../lib/gcc/pic32c/13.2.1/../../../../pic32c/lib/thumb/v6-m/nofp/libpic32c.a(pic32_data_init_copy.o)

.data%z17       0x00000000        0x0
 .data          0x00000000        0x0 /opt/microchip/xc32/v5.00/bin/bin/../../lib/gcc/pic32c/13.2.1/../../../../pic32c/lib/thumb/v6-m/nofp/libpic32c.a(pic32_data_init_clear.o)

.data%z18       0x00000000        0x0
 .data          0x00000000        0x0 /opt/microchip/xc32/v5.00/bin/bin/../../lib/gcc/pic32c/13.2.1/thumb/v6-m/nofp/crtn.o

.data%z19       0x00000000        0x0
 .data          0x00000000        0x0 /opt/microchip/xc32/v5.00/bin/bin/../../lib/gcc/pic32c/13.2.1/thumb/v6-m/nofp/crtend.o

.data%z20       0x00000000        0x0
 .data          0x00000000        0x0 /opt/microchip/xc32/v5.00/bin/bin/../../lib/gcc/pic32c/13.2.1/../../../../pic32c/lib/thumb/v6-m/nofp/libg-musl.a(__environ.o)

.data%z21       0x00000000        0x0
 .data          0x00000000        0x0 /opt/microchip/xc32/v5.00/bin/bin/../../lib/gcc/pic32c/13.2.1/../../../../pic32c/lib/thumb/v6-m/nofp/libg-musl.a(libc.o)

.data%z22       0x00000000        0x0
 .data          0x00000000        0x0 /opt/microchip/xc32/v5.00/bin/bin/../../lib/gcc/pic32c/13.2.1/../../../../pic32c/lib/thumb/v6-m/nofp/libg-musl.a(__libc_start_main.o)

.data%z23       0x00000000        0x0
 .data          0x00000000        0x0 /opt/microchip/xc32/v5.00/bin/bin/../../lib/gcc/pic32c/13.2.1/../../../../pic32c/lib/thumb/v6-m/nofp/libpic32c.a(data_init.o)

.data%z24       0x00000000        0x0
 .data          0x00000000        0x0 /tmp/ccqyIZAU.o

.data%z25       0x00000000        0x0
 .data          0x00000000        0x0 CMakeFiles/GardenBot_default_default_XC32_compile.dir/home/greg/Documents/Projects/GardenBot/utilities.c.o

.data%z26       0x00000000        0x0
 .data          0x00000000        0x0 CMakeFiles/GardenBot_default_default_XC32_compile.dir/home/greg/Documents/Projects/GardenBot/main.c.o

.data%z27       0x00000000        0x0
 .data          0x00000000        0x0 CMakeFiles/GardenBot_default_default_XC32_compile.dir/home/greg/Documents/Projects/GardenBot/configuration.c.o

.eh_frame%z28   0x00000000        0x0
 .eh_frame      0x00000000        0x0 /opt/microchip/xc32/v5.00/bin/bin/../../lib/gcc/pic32c/13.2.1/thumb/v6-m/nofp/crtbegin.o

.data%z29       0x00000000        0x0
 .data          0x00000000        0x0 /opt/microchip/xc32/v5.00/bin/bin/../../lib/gcc/pic32c/13.2.1/thumb/v6-m/nofp/crti.o

.config_00804004%7
                0x00804004        0x4
 .config_00804004
                0x00804004        0x4 CMakeFiles/GardenBot_default_default_XC32_compile.dir/home/greg/Documents/Projects/GardenBot/configuration.c.o
                0x00804004                __config_00804004

.config_00804000%8
                0x00804000        0x4
 .config_00804000
                0x00804000        0x4 CMakeFiles/GardenBot_default_default_XC32_compile.dir/home/greg/Documents/Projects/GardenBot/configuration.c.o
                0x00804000                __config_00804000

.text%9         0x000000cc       0xec
 .text          0x000000cc       0xec CMakeFiles/GardenBot_default_default_XC32_compile.dir/home/greg/Documents/Projects/GardenBot/configuration.c.o
                0x000000cc                init_system
                0x000000ec                init_ports
                0x00000128                init_OSCCTRL
                0x00000190                init_GCLK

.text%10        0x000001b8       0x5c
 .text          0x000001b8       0x5c CMakeFiles/GardenBot_default_default_XC32_compile.dir/home/greg/Documents/Projects/GardenBot/utilities.c.o
                0x000001b8                simple_dly
                0x000001d8                LED_on
                0x000001ec                LED_off
                0x00000200                toggle_LED

.text.__libc_start_init%11
                0x00000214       0x5c
 .text.__libc_start_init
                0x00000214       0x5c /opt/microchip/xc32/v5.00/bin/bin/../../lib/gcc/pic32c/13.2.1/../../../../pic32c/lib/thumb/v6-m/nofp/libg-musl.a(__libc_start_main.o)
                0x00000214                __libc_init_array

.text.Reset_Handler%12
                0x00000270       0x54
 .text.Reset_Handler
                0x00000270       0x54 /tmp/ccqyIZAU.o
                0x00000270                Reset_Handler

.dinit%13       0x000002c4       0x50
 .dinit         0x000002c4       0x50 data_init

.text%14        0x00000314       0x48
 .text          0x00000314       0x48 /opt/microchip/xc32/v5.00/bin/bin/../../lib/gcc/pic32c/13.2.1/thumb/v6-m/nofp/crtbegin.o

.text.__pic32c_data_initialization%15
                0x0000035c       0x38
 .text.__pic32c_data_initialization
                0x0000035c       0x38 /opt/microchip/xc32/v5.00/bin/bin/../../lib/gcc/pic32c/13.2.1/../../../../pic32c/lib/thumb/v6-m/nofp/libpic32c.a(data_init.o)
                0x0000035c                __pic32c_data_initialization

.rodata%16      0x00000394       0x24
 .rodata        0x00000394       0x24 /opt/microchip/xc32/v5.00/bin/bin/../../lib/gcc/pic32c/13.2.1/thumb/v6-m/nofp/crtbegin.o

.rodata%17      0x000003b8       0x24
 .rodata        0x000003b8       0x24 /opt/microchip/xc32/v5.00/bin/bin/../../lib/gcc/pic32c/13.2.1/thumb/v6-m/nofp/crtend.o

.text.__dinit_copy%18
                0x000003dc       0x1e
 .text.__dinit_copy
                0x000003dc       0x1e /opt/microchip/xc32/v5.00/bin/bin/../../lib/gcc/pic32c/13.2.1/../../../../pic32c/lib/thumb/v6-m/nofp/libpic32c.a(pic32_data_init_copy.o)
                0x000003dc                __dinit_copy
                0x000003dc                __dinit_copy_needed

.text%19        0x000003fa       0x18
 .text          0x000003fa       0x18 CMakeFiles/GardenBot_default_default_XC32_compile.dir/home/greg/Documents/Projects/GardenBot/main.c.o
                0x000003fa                main

.rodata%20      0x00000414       0x14
 .rodata        0x00000414       0x14 /opt/microchip/xc32/v5.00/bin/bin/../../lib/gcc/pic32c/13.2.1/../../../../pic32c/lib/thumb/v6-m/nofp/libpic32c.a(data_init.o)

.text.__dinit_clear%21
                0x00000428       0x12
 .text.__dinit_clear
                0x00000428       0x12 /opt/microchip/xc32/v5.00/bin/bin/../../lib/gcc/pic32c/13.2.1/../../../../pic32c/lib/thumb/v6-m/nofp/libpic32c.a(pic32_data_init_clear.o)
                0x00000428                __dinit_clear_needed
                0x00000428                __dinit_clear

.text.__dummy_decompress%22
                0x0000043a        0x4
 .text.__dummy_decompress
                0x0000043a        0x4 /opt/microchip/xc32/v5.00/bin/bin/../../lib/gcc/pic32c/13.2.1/../../../../pic32c/lib/thumb/v6-m/nofp/libpic32c.a(data_init.o)
                0x0000043a                __dinit_copy_emb
                0x0000043a                __dinit_decompress
                0x0000043a                __dinit_copy_val_data

.text.Dummy_Handler%23
                0x00000412        0x2
 .text.Dummy_Handler
                0x00000412        0x2 /tmp/ccqyIZAU.o
                0x00000412                SVCall_Handler
                0x00000412                DMAC_Handler
                0x00000412                HardFault_Handler
                0x00000412                TC2_Handler
                0x00000412                AC_Handler
                0x00000412                SysTick_Handler
                0x00000412                PendSV_Handler
                0x00000412                SERCOM1_Handler
                0x00000412                NonMaskableInt_Handler
                0x00000412                TCC1_Handler
                0x00000412                SERCOM2_Handler
                0x00000412                TCC0_Handler
                0x00000412                RTC_Handler
                0x00000412                ADC1_Handler
                0x00000412                EIC_Handler
                0x00000412                WDT_Handler
                0x00000412                TC4_Handler
                0x00000412                TC1_Handler
                0x00000412                TC3_Handler
                0x00000412                SDADC_Handler
                0x00000412                Dummy_Handler
                0x00000412                ADC0_Handler
                0x00000412                TSENS_Handler
                0x00000412                PDEC_Handler
                0x00000412                TCC2_Handler
                0x00000412                EVSYS_Handler
                0x00000412                SERCOM3_Handler
                0x00000412                NVMCTRL_Handler
                0x00000412                SYSTEM_Handler
                0x00000412                SERCOM0_Handler
                0x00000412                DAC_Handler
                0x00000412                FREQM_Handler
                0x00000412                TC0_Handler

.text.__dummy_init_tls%24
                0x0000043e        0x2
 .text.__dummy_init_tls
                0x0000043e        0x2 /opt/microchip/xc32/v5.00/bin/bin/../../lib/gcc/pic32c/13.2.1/../../../../pic32c/lib/thumb/v6-m/nofp/libpic32c.a(data_init.o)
                0x0000043e                xc32_init_tls

.text.__dummy%25
                0x00000440        0x2
 .text.__dummy  0x00000440        0x2 /opt/microchip/xc32/v5.00/bin/bin/../../lib/gcc/pic32c/13.2.1/../../../../pic32c/lib/thumb/v6-m/nofp/libg-musl.a(__libc_start_main.o)
                0x00000440                __init_host
                0x00000440                __init_stdio

.text%z30       0x00000000        0x0
 .text          0x00000000        0x0 /opt/microchip/xc32/v5.00/bin/bin/../../lib/gcc/pic32c/13.2.1/../../../../pic32c/lib/thumb/v6-m/nofp/libpic32c.a(pic32_data_init_copy.o)

.text%z31       0x00000000        0x0
 .text          0x00000000        0x0 /opt/microchip/xc32/v5.00/bin/bin/../../lib/gcc/pic32c/13.2.1/../../../../pic32c/lib/thumb/v6-m/nofp/libpic32c.a(pic32_data_init_clear.o)

.text%z32       0x00000000        0x0
 .text          0x00000000        0x0 /opt/microchip/xc32/v5.00/bin/bin/../../lib/gcc/pic32c/13.2.1/thumb/v6-m/nofp/crtn.o

.text%z33       0x00000000        0x0
 .text          0x00000000        0x0 /opt/microchip/xc32/v5.00/bin/bin/../../lib/gcc/pic32c/13.2.1/thumb/v6-m/nofp/crtend.o

.text%z34       0x00000000        0x0
 .text          0x00000000        0x0 /opt/microchip/xc32/v5.00/bin/bin/../../lib/gcc/pic32c/13.2.1/../../../../pic32c/lib/thumb/v6-m/nofp/libg-musl.a(__environ.o)

.text%z35       0x00000000        0x0
 .text          0x00000000        0x0 /opt/microchip/xc32/v5.00/bin/bin/../../lib/gcc/pic32c/13.2.1/../../../../pic32c/lib/thumb/v6-m/nofp/libg-musl.a(libc.o)

.text%z36       0x00000000        0x0
 .text          0x00000000        0x0 /opt/microchip/xc32/v5.00/bin/bin/../../lib/gcc/pic32c/13.2.1/../../../../pic32c/lib/thumb/v6-m/nofp/libg-musl.a(__libc_start_main.o)

.text%z37       0x00000000        0x0
 .text          0x00000000        0x0 /opt/microchip/xc32/v5.00/bin/bin/../../lib/gcc/pic32c/13.2.1/../../../../pic32c/lib/thumb/v6-m/nofp/libpic32c.a(data_init.o)

.text%z38       0x00000000        0x0
 .text          0x00000000        0x0 /tmp/ccqyIZAU.o

.text%z39       0x00000000        0x0
 .text          0x00000000        0x0 /opt/microchip/xc32/v5.00/bin/bin/../../lib/gcc/pic32c/13.2.1/thumb/v6-m/nofp/crti.o
